Component: ARM Compiler 6.14 Tool: armlink [5db06800]

==============================================================================

Section Cross References

    lpit.o(.ARM.exidx.text.lpit_general_config) refers to lpit.o(.text.lpit_general_config) for [Anonymous Symbol]
    lpit.o(.ARM.exidx.text.lpit_channel_config) refers to lpit.o(.text.lpit_channel_config) for [Anonymous Symbol]
    lpit.o(.ARM.exidx.text.lpit_enable_interrupt) refers to lpit.o(.text.lpit_enable_interrupt) for [Anonymous Symbol]
    lpit.o(.ARM.exidx.text.lpit_disable_interrupt) refers to lpit.o(.text.lpit_disable_interrupt) for [Anonymous Symbol]
    lpit.o(.ARM.exidx.text.lpit_enable_single_channel) refers to lpit.o(.text.lpit_enable_single_channel) for [Anonymous Symbol]
    lpit.o(.ARM.exidx.text.lpit_disable_single_channel) refers to lpit.o(.text.lpit_disable_single_channel) for [Anonymous Symbol]
    lpit.o(.ARM.exidx.text.lpit_set_reload_value) refers to lpit.o(.text.lpit_set_reload_value) for [Anonymous Symbol]
    lpit.o(.ARM.exidx.text.lpit_get_reload_value) refers to lpit.o(.text.lpit_get_reload_value) for [Anonymous Symbol]
    main.o(.text) refers (Special) to _main.o(.text) for __ARM_use_no_argv
    main.o(.text.main) refers (Special) to _main.o(.text) for __ARM_use_no_argv
    main.o(.text.main) refers to main.o(.text.system_initialize) for system_initialize
    main.o(.text.main) refers to main.o(.text.process_led) for process_led
    main.o(.text.main) refers to main.o(.text.delay_lpit) for delay_lpit
    main.o(.ARM.exidx.text.main) refers (Special) to _main.o(.text) for __ARM_use_no_argv
    main.o(.ARM.exidx.text.main) refers to main.o(.text.main) for [Anonymous Symbol]
    main.o(.text.system_initialize) refers (Special) to _main.o(.text) for __ARM_use_no_argv
    main.o(.text.system_initialize) refers to main.o(.text.scg_initialize) for scg_initialize
    main.o(.text.system_initialize) refers to main.o(.text.pcc_initialize) for pcc_initialize
    main.o(.text.system_initialize) refers to main.o(.text.gpio_initialize) for gpio_initialize
    main.o(.text.system_initialize) refers to main.o(.text.nvic_initialize) for nvic_initialize
    main.o(.text.system_initialize) refers to main.o(.text.lpit_initialize) for lpit_initialize
    main.o(.ARM.exidx.text.system_initialize) refers (Special) to _main.o(.text) for __ARM_use_no_argv
    main.o(.ARM.exidx.text.system_initialize) refers to main.o(.text.system_initialize) for [Anonymous Symbol]
    main.o(.text.process_led) refers (Special) to _main.o(.text) for __ARM_use_no_argv
    main.o(.text.process_led) refers to main.o(.bss.lpit_1s_complete) for lpit_1s_complete
    main.o(.text.process_led) refers to main.o(.bss.running_mode) for running_mode
    main.o(.text.process_led) refers to main.o(.data.led_mask) for led_mask
    main.o(.text.process_led) refers to main.o(.data.led_state) for led_state
    main.o(.ARM.exidx.text.process_led) refers (Special) to _main.o(.text) for __ARM_use_no_argv
    main.o(.ARM.exidx.text.process_led) refers to main.o(.text.process_led) for [Anonymous Symbol]
    main.o(.text.delay_lpit) refers (Special) to _main.o(.text) for __ARM_use_no_argv
    main.o(.text.delay_lpit) refers to lpit.o(.text.lpit_disable_single_channel) for lpit_disable_single_channel
    main.o(.text.delay_lpit) refers to lpit.o(.text.lpit_enable_single_channel) for lpit_enable_single_channel
    main.o(.text.delay_lpit) refers to main.o(.bss.lpit_1s_complete) for lpit_1s_complete
    main.o(.ARM.exidx.text.delay_lpit) refers (Special) to _main.o(.text) for __ARM_use_no_argv
    main.o(.ARM.exidx.text.delay_lpit) refers to main.o(.text.delay_lpit) for [Anonymous Symbol]
    main.o(.text.scg_initialize) refers (Special) to _main.o(.text) for __ARM_use_no_argv
    main.o(.text.scg_initialize) refers to scg.o(.text.scg_sosc_config) for scg_sosc_config
    main.o(.text.scg_initialize) refers to scg.o(.text.scg_spll_config) for scg_spll_config
    main.o(.text.scg_initialize) refers to scg.o(.text.scg_system_clock_config) for scg_system_clock_config
    main.o(.ARM.exidx.text.scg_initialize) refers (Special) to _main.o(.text) for __ARM_use_no_argv
    main.o(.ARM.exidx.text.scg_initialize) refers to main.o(.text.scg_initialize) for [Anonymous Symbol]
    main.o(.text.lpit_initialize) refers (Special) to _main.o(.text) for __ARM_use_no_argv
    main.o(.text.lpit_initialize) refers to lpit.o(.text.lpit_general_config) for lpit_general_config
    main.o(.text.lpit_initialize) refers to lpit.o(.text.lpit_enable_interrupt) for lpit_enable_interrupt
    main.o(.text.lpit_initialize) refers to lpit.o(.text.lpit_channel_config) for lpit_channel_config
    main.o(.text.lpit_initialize) refers to lpit.o(.text.lpit_set_reload_value) for lpit_set_reload_value
    main.o(.ARM.exidx.text.lpit_initialize) refers (Special) to _main.o(.text) for __ARM_use_no_argv
    main.o(.ARM.exidx.text.lpit_initialize) refers to main.o(.text.lpit_initialize) for [Anonymous Symbol]
    main.o(.text.pcc_initialize) refers (Special) to _main.o(.text) for __ARM_use_no_argv
    main.o(.ARM.exidx.text.pcc_initialize) refers (Special) to _main.o(.text) for __ARM_use_no_argv
    main.o(.ARM.exidx.text.pcc_initialize) refers to main.o(.text.pcc_initialize) for [Anonymous Symbol]
    main.o(.text.gpio_initialize) refers (Special) to _main.o(.text) for __ARM_use_no_argv
    main.o(.text.gpio_initialize) refers to port_gpio.o(.text.gpio_config_basic_input_with_interrupt) for gpio_config_basic_input_with_interrupt
    main.o(.text.gpio_initialize) refers to port_gpio.o(.text.gpio_config_basic_output_high_strength) for gpio_config_basic_output_high_strength
    main.o(.ARM.exidx.text.gpio_initialize) refers (Special) to _main.o(.text) for __ARM_use_no_argv
    main.o(.ARM.exidx.text.gpio_initialize) refers to main.o(.text.gpio_initialize) for [Anonymous Symbol]
    main.o(.text.nvic_initialize) refers (Special) to _main.o(.text) for __ARM_use_no_argv
    main.o(.text.nvic_initialize) refers to nvic.o(.text.nvic_enable_interrupt) for nvic_enable_interrupt
    main.o(.ARM.exidx.text.nvic_initialize) refers (Special) to _main.o(.text) for __ARM_use_no_argv
    main.o(.ARM.exidx.text.nvic_initialize) refers to main.o(.text.nvic_initialize) for [Anonymous Symbol]
    main.o(.text.LPIT0_Ch0_IRQHandler) refers (Special) to _main.o(.text) for __ARM_use_no_argv
    main.o(.text.LPIT0_Ch0_IRQHandler) refers to main.o(.bss.lpit_1s_complete) for lpit_1s_complete
    main.o(.ARM.exidx.text.LPIT0_Ch0_IRQHandler) refers (Special) to _main.o(.text) for __ARM_use_no_argv
    main.o(.ARM.exidx.text.LPIT0_Ch0_IRQHandler) refers to main.o(.text.LPIT0_Ch0_IRQHandler) for [Anonymous Symbol]
    main.o(.text.PORTC_IRQHandler) refers (Special) to _main.o(.text) for __ARM_use_no_argv
    main.o(.text.PORTC_IRQHandler) refers to main.o(.bss.led_active) for led_active
    main.o(.text.PORTC_IRQHandler) refers to main.o(.bss.running_mode) for running_mode
    main.o(.text.PORTC_IRQHandler) refers to main.o(.data.led_state) for led_state
    main.o(.ARM.exidx.text.PORTC_IRQHandler) refers (Special) to _main.o(.text) for __ARM_use_no_argv
    main.o(.ARM.exidx.text.PORTC_IRQHandler) refers to main.o(.text.PORTC_IRQHandler) for [Anonymous Symbol]
    main.o(.bss.lpit_1s_complete) refers (Special) to _main.o(.text) for __ARM_use_no_argv
    main.o(.bss.running_mode) refers (Special) to _main.o(.text) for __ARM_use_no_argv
    main.o(.data.led_mask) refers (Special) to _main.o(.text) for __ARM_use_no_argv
    main.o(.data.led_state) refers (Special) to _main.o(.text) for __ARM_use_no_argv
    main.o(.bss.led_active) refers (Special) to _main.o(.text) for __ARM_use_no_argv
    nvic.o(.ARM.exidx.text.nvic_enable_interrupt) refers to nvic.o(.text.nvic_enable_interrupt) for [Anonymous Symbol]
    nvic.o(.ARM.exidx.text.nvic_disable_interrupt) refers to nvic.o(.text.nvic_disable_interrupt) for [Anonymous Symbol]
    nvic.o(.ARM.exidx.text.nvic_set_priority) refers to nvic.o(.text.nvic_set_priority) for [Anonymous Symbol]
    nvic.o(.ARM.exidx.text.nvic_clear_pending) refers to nvic.o(.text.nvic_clear_pending) for [Anonymous Symbol]
    nvic.o(.ARM.exidx.text.nvic_set_pending) refers to nvic.o(.text.nvic_set_pending) for [Anonymous Symbol]
    port_gpio.o(.text.gpio_config) refers to port_gpio.o(.data.ports) for ports
    port_gpio.o(.text.gpio_config) refers to port_gpio.o(.data.gpios) for gpios
    port_gpio.o(.ARM.exidx.text.gpio_config) refers to port_gpio.o(.text.gpio_config) for [Anonymous Symbol]
    port_gpio.o(.text.gpio_config_basic_input) refers to port_gpio.o(.text.gpio_config) for gpio_config
    port_gpio.o(.ARM.exidx.text.gpio_config_basic_input) refers to port_gpio.o(.text.gpio_config_basic_input) for [Anonymous Symbol]
    port_gpio.o(.text.gpio_config_basic_input_with_interrupt) refers to port_gpio.o(.text.gpio_config) for gpio_config
    port_gpio.o(.ARM.exidx.text.gpio_config_basic_input_with_interrupt) refers to port_gpio.o(.text.gpio_config_basic_input_with_interrupt) for [Anonymous Symbol]
    port_gpio.o(.text.gpio_config_basic_output_low_strength) refers to port_gpio.o(.text.gpio_config) for gpio_config
    port_gpio.o(.ARM.exidx.text.gpio_config_basic_output_low_strength) refers to port_gpio.o(.text.gpio_config_basic_output_low_strength) for [Anonymous Symbol]
    port_gpio.o(.text.gpio_config_basic_output_high_strength) refers to port_gpio.o(.text.gpio_config) for gpio_config
    port_gpio.o(.ARM.exidx.text.gpio_config_basic_output_high_strength) refers to port_gpio.o(.text.gpio_config_basic_output_high_strength) for [Anonymous Symbol]
    scg.o(.ARM.exidx.text.scg_sosc_config) refers to scg.o(.text.scg_sosc_config) for [Anonymous Symbol]
    scg.o(.ARM.exidx.text.scg_sirc_config) refers to scg.o(.text.scg_sirc_config) for [Anonymous Symbol]
    scg.o(.ARM.exidx.text.scg_firc_config) refers to scg.o(.text.scg_firc_config) for [Anonymous Symbol]
    scg.o(.ARM.exidx.text.scg_spll_config) refers to scg.o(.text.scg_spll_config) for [Anonymous Symbol]
    scg.o(.ARM.exidx.text.scg_system_clock_config) refers to scg.o(.text.scg_system_clock_config) for [Anonymous Symbol]
    systick.o(.ARM.exidx.text.systick_initialize) refers to systick.o(.text.systick_initialize) for [Anonymous Symbol]
    systick.o(.ARM.exidx.text.systick_start) refers to systick.o(.text.systick_start) for [Anonymous Symbol]
    systick.o(.ARM.exidx.text.systick_stop) refers to systick.o(.text.systick_stop) for [Anonymous Symbol]
    systick.o(.text.SysTick_Handler) refers to systick.o(.bss.ms_count) for ms_count
    systick.o(.ARM.exidx.text.SysTick_Handler) refers to systick.o(.text.SysTick_Handler) for [Anonymous Symbol]
    systick.o(.text.systick_get_ms) refers to systick.o(.bss.ms_count) for ms_count
    systick.o(.ARM.exidx.text.systick_get_ms) refers to systick.o(.text.systick_get_ms) for [Anonymous Symbol]
    systick.o(.text.systick_clean) refers to systick.o(.bss.ms_count) for ms_count
    systick.o(.ARM.exidx.text.systick_clean) refers to systick.o(.text.systick_clean) for [Anonymous Symbol]
    startup.o(.text.init_data_bss) refers to startup_s32k144.o(.text) for __RAM_VECTOR_TABLE_SIZE
    startup.o(.text.init_data_bss) refers to startup.o(.rodata.s_vectors) for s_vectors
    startup.o(.ARM.exidx.text.init_data_bss) refers to startup.o(.text.init_data_bss) for [Anonymous Symbol]
    startup_s32k144.o(.text) refers (Special) to main.o(.text.main) for main
    startup_s32k144.o(.text) refers to startup_s32k144.o(FlashConfig) for FlashConfig
    startup_s32k144.o(.text) refers to startup_s32k144.o(RESET) for __Vectors
    startup_s32k144.o(.text) refers to system_s32k144.o(.text.SystemInit) for SystemInit
    startup_s32k144.o(.text) refers to startup.o(.text.init_data_bss) for init_data_bss
    startup_s32k144.o(.text) refers to __main.o(!!!main) for __main
    startup_s32k144.o(RESET) refers (Special) to main.o(.text.main) for main
    startup_s32k144.o(RESET) refers to startup_s32k144.o(.text) for Reset_Handler
    startup_s32k144.o(RESET) refers to systick.o(.text.SysTick_Handler) for SysTick_Handler
    startup_s32k144.o(RESET) refers to main.o(.text.LPIT0_Ch0_IRQHandler) for LPIT0_Ch0_IRQHandler
    startup_s32k144.o(RESET) refers to main.o(.text.PORTC_IRQHandler) for PORTC_IRQHandler
    startup_s32k144.o(FlashConfig) refers (Special) to main.o(.text.main) for main
    system_s32k144.o(.ARM.exidx.text.SystemInit) refers to system_s32k144.o(.text.SystemInit) for [Anonymous Symbol]
    system_s32k144.o(.text.SystemCoreClockUpdate) refers to system_s32k144.o(.rodata.SystemCoreClockUpdate.fircFreq) for SystemCoreClockUpdate.fircFreq
    system_s32k144.o(.text.SystemCoreClockUpdate) refers to system_s32k144.o(.data.SystemCoreClock) for SystemCoreClock
    system_s32k144.o(.ARM.exidx.text.SystemCoreClockUpdate) refers to system_s32k144.o(.text.SystemCoreClockUpdate) for [Anonymous Symbol]
    system_s32k144.o(.ARM.exidx.text.SystemSoftwareReset) refers to system_s32k144.o(.text.SystemSoftwareReset) for [Anonymous Symbol]
    __main.o(!!!main) refers to __rtentry.o(.ARM.Collect$$rtentry$$00000000) for __rt_entry
    __rtentry.o(.ARM.Collect$$rtentry$$00000000) refers (Special) to __rtentry2.o(.ARM.Collect$$rtentry$$0000000A) for __rt_entry_li
    __rtentry.o(.ARM.Collect$$rtentry$$00000000) refers (Special) to __rtentry2.o(.ARM.Collect$$rtentry$$0000000D) for __rt_entry_main
    __rtentry.o(.ARM.Collect$$rtentry$$00000000) refers (Special) to __rtentry2.o(.ARM.Collect$$rtentry$$0000000C) for __rt_entry_postli_1
    __rtentry.o(.ARM.Collect$$rtentry$$00000000) refers (Special) to __rtentry2.o(.ARM.Collect$$rtentry$$00000009) for __rt_entry_postsh_1
    __rtentry.o(.ARM.Collect$$rtentry$$00000000) refers (Special) to __rtentry2.o(.ARM.Collect$$rtentry$$00000002) for __rt_entry_presh_1
    __rtentry.o(.ARM.Collect$$rtentry$$00000000) refers (Special) to __rtentry7.o(.ARM.Collect$$rtentry$$00000007) for __rt_entry_sh
    __rtentry2.o(.ARM.Collect$$rtentry$$00000008) refers to boardinit2.o(.text) for _platform_post_stackheap_init
    __rtentry2.o(.ARM.Collect$$rtentry$$0000000A) refers to libinit.o(.ARM.Collect$$libinit$$00000000) for __rt_lib_init
    __rtentry2.o(.ARM.Collect$$rtentry$$0000000B) refers to boardinit3.o(.text) for _platform_post_lib_init
    __rtentry2.o(.ARM.Collect$$rtentry$$0000000D) refers to main.o(.text.main) for main
    __rtentry2.o(.ARM.Collect$$rtentry$$0000000D) refers to exit.o(.text) for exit
    __rtentry2.o(.ARM.exidx) refers to __rtentry2.o(.ARM.Collect$$rtentry$$00000001) for .ARM.Collect$$rtentry$$00000001
    __rtentry2.o(.ARM.exidx) refers to __rtentry2.o(.ARM.Collect$$rtentry$$00000008) for .ARM.Collect$$rtentry$$00000008
    __rtentry2.o(.ARM.exidx) refers to __rtentry2.o(.ARM.Collect$$rtentry$$0000000A) for .ARM.Collect$$rtentry$$0000000A
    __rtentry2.o(.ARM.exidx) refers to __rtentry2.o(.ARM.Collect$$rtentry$$0000000B) for .ARM.Collect$$rtentry$$0000000B
    __rtentry2.o(.ARM.exidx) refers to __rtentry2.o(.ARM.Collect$$rtentry$$0000000D) for .ARM.Collect$$rtentry$$0000000D
    __rtentry4.o(.ARM.Collect$$rtentry$$00000004) refers to sys_stackheap_outer.o(.text) for __user_setup_stackheap
    __rtentry4.o(.ARM.exidx) refers to __rtentry4.o(.ARM.Collect$$rtentry$$00000004) for .ARM.Collect$$rtentry$$00000004
    __rtentry7.o(.ARM.Collect$$rtentry$$00000007) refers to __rtentry7.o(.ARM.Collect$$rtentry$$00002718) for __lit__00000000
    __rtentry7.o(__vectab_stack_and_reset_2_area) refers to __main.o(!!!main) for __main
    __rtentry7.o(.ARM.exidx) refers to __rtentry7.o(.ARM.Collect$$rtentry$$00000007) for .ARM.Collect$$rtentry$$00000007
    __rtentry7.o(.ARM.exidx) refers to __rtentry7.o(.ARM.Collect$$rtentry$$00002718) for .ARM.Collect$$rtentry$$00002718
    sys_stackheap_outer.o(.text) refers to libspace.o(.text) for __user_perproc_libspace
    sys_stackheap_outer.o(.text) refers to sys_stackheap.o(.text) for __user_initial_stackheap
    exit.o(.text) refers to rtexit.o(.ARM.Collect$$rtexit$$00000000) for __rt_exit
    libinit.o(.ARM.Collect$$libinit$$00000000) refers (Special) to libinit2.o(.ARM.Collect$$libinit$$0000002E) for __rt_lib_init_alloca_1
    libinit.o(.ARM.Collect$$libinit$$00000000) refers (Special) to libinit2.o(.ARM.Collect$$libinit$$0000002C) for __rt_lib_init_argv_1
    libinit.o(.ARM.Collect$$libinit$$00000000) refers (Special) to libinit2.o(.ARM.Collect$$libinit$$0000001B) for __rt_lib_init_atexit_1
    libinit.o(.ARM.Collect$$libinit$$00000000) refers (Special) to libinit2.o(.ARM.Collect$$libinit$$00000021) for __rt_lib_init_clock_1
    libinit.o(.ARM.Collect$$libinit$$00000000) refers (Special) to libinit2.o(.ARM.Collect$$libinit$$00000032) for __rt_lib_init_cpp_1
    libinit.o(.ARM.Collect$$libinit$$00000000) refers (Special) to libinit2.o(.ARM.Collect$$libinit$$00000030) for __rt_lib_init_exceptions_1
    libinit.o(.ARM.Collect$$libinit$$00000000) refers (Special) to libinit2.o(.ARM.Collect$$libinit$$00000001) for __rt_lib_init_fp_1
    libinit.o(.ARM.Collect$$libinit$$00000000) refers (Special) to libinit2.o(.ARM.Collect$$libinit$$0000001F) for __rt_lib_init_fp_trap_1
    libinit.o(.ARM.Collect$$libinit$$00000000) refers (Special) to libinit2.o(.ARM.Collect$$libinit$$00000023) for __rt_lib_init_getenv_1
    libinit.o(.ARM.Collect$$libinit$$00000000) refers (Special) to libinit2.o(.ARM.Collect$$libinit$$0000000A) for __rt_lib_init_heap_1
    libinit.o(.ARM.Collect$$libinit$$00000000) refers (Special) to libinit2.o(.ARM.Collect$$libinit$$00000011) for __rt_lib_init_lc_collate_1
    libinit.o(.ARM.Collect$$libinit$$00000000) refers (Special) to libinit2.o(.ARM.Collect$$libinit$$00000013) for __rt_lib_init_lc_ctype_1
    libinit.o(.ARM.Collect$$libinit$$00000000) refers (Special) to libinit2.o(.ARM.Collect$$libinit$$00000015) for __rt_lib_init_lc_monetary_1
    libinit.o(.ARM.Collect$$libinit$$00000000) refers (Special) to libinit2.o(.ARM.Collect$$libinit$$00000017) for __rt_lib_init_lc_numeric_1
    libinit.o(.ARM.Collect$$libinit$$00000000) refers (Special) to libinit2.o(.ARM.Collect$$libinit$$00000019) for __rt_lib_init_lc_time_1
    libinit.o(.ARM.Collect$$libinit$$00000000) refers (Special) to libinit2.o(.ARM.Collect$$libinit$$00000004) for __rt_lib_init_preinit_1
    libinit.o(.ARM.Collect$$libinit$$00000000) refers (Special) to libinit2.o(.ARM.Collect$$libinit$$0000000E) for __rt_lib_init_rand_1
    libinit.o(.ARM.Collect$$libinit$$00000000) refers (Special) to libinit2.o(.ARM.Collect$$libinit$$00000033) for __rt_lib_init_return
    libinit.o(.ARM.Collect$$libinit$$00000000) refers (Special) to libinit2.o(.ARM.Collect$$libinit$$0000001D) for __rt_lib_init_signal_1
    libinit.o(.ARM.Collect$$libinit$$00000000) refers (Special) to libinit2.o(.ARM.Collect$$libinit$$00000025) for __rt_lib_init_stdio_1
    libinit.o(.ARM.Collect$$libinit$$00000000) refers (Special) to libinit2.o(.ARM.Collect$$libinit$$0000000C) for __rt_lib_init_user_alloc_1
    libspace.o(.text) refers to libspace.o(.bss) for __libspace_start
    sys_stackheap.o(.text) refers (Special) to indicate_semi.o(.text) for __semihosting_library_function
    sys_stackheap.o(.text) refers to use_no_semi.o(.text) for __I$use$semihosting
    sys_stackheap_hlt.o(.text) refers (Special) to indicate_semi.o(.text) for __semihosting_library_function
    sys_stackheap_hlt.o(.text) refers to use_no_semi.o(.text) for __I$use$semihosting
    rtexit.o(.ARM.Collect$$rtexit$$00000000) refers (Special) to rtexit2.o(.ARM.Collect$$rtexit$$00000004) for __rt_exit_exit
    rtexit.o(.ARM.Collect$$rtexit$$00000000) refers (Special) to rtexit2.o(.ARM.Collect$$rtexit$$00000003) for __rt_exit_ls
    rtexit.o(.ARM.Collect$$rtexit$$00000000) refers (Special) to rtexit2.o(.ARM.Collect$$rtexit$$00000002) for __rt_exit_prels_1
    rtexit.o(.ARM.exidx) refers (Special) to rtexit2.o(.ARM.Collect$$rtexit$$00000004) for __rt_exit_exit
    rtexit.o(.ARM.exidx) refers (Special) to rtexit2.o(.ARM.Collect$$rtexit$$00000003) for __rt_exit_ls
    rtexit.o(.ARM.exidx) refers (Special) to rtexit2.o(.ARM.Collect$$rtexit$$00000002) for __rt_exit_prels_1
    rtexit.o(.ARM.exidx) refers to rtexit.o(.ARM.Collect$$rtexit$$00000000) for .ARM.Collect$$rtexit$$00000000
    libinit2.o(.ARM.Collect$$libinit$$00000001) refers to fpinit.o(x$fpl$fpinit) for _fp_init
    libinit2.o(.ARM.Collect$$libinit$$00000010) refers to libinit2.o(.ARM.Collect$$libinit$$0000000F) for .ARM.Collect$$libinit$$0000000F
    libinit2.o(.ARM.Collect$$libinit$$00000012) refers to libinit2.o(.ARM.Collect$$libinit$$0000000F) for .ARM.Collect$$libinit$$0000000F
    libinit2.o(.ARM.Collect$$libinit$$00000014) refers to libinit2.o(.ARM.Collect$$libinit$$0000000F) for .ARM.Collect$$libinit$$0000000F
    libinit2.o(.ARM.Collect$$libinit$$00000016) refers to libinit2.o(.ARM.Collect$$libinit$$0000000F) for .ARM.Collect$$libinit$$0000000F
    libinit2.o(.ARM.Collect$$libinit$$00000018) refers to libinit2.o(.ARM.Collect$$libinit$$0000000F) for .ARM.Collect$$libinit$$0000000F
    libinit2.o(.ARM.Collect$$libinit$$00000026) refers to argv_veneer.o(.emb_text) for __ARM_argv_veneer
    libinit2.o(.ARM.Collect$$libinit$$00000027) refers to argv_veneer.o(.emb_text) for __ARM_argv_veneer
    libinit5.o(.ARM.Collect$$libinit$$00000008) refers to libinit5.o(.ARM.Collect$$libinit$$00002719) for __lit__00000000
    libinit5.o(.ARM.Collect$$libinit$$0000002A) refers to libinit5.o(.ARM.Collect$$libinit$$0000273B) for __lit__00000002
    libinit5.o(.ARM.Collect$$libinit$$0000002A) refers to argv_veneer.o(.emb_text) for __ARM_argv_veneer
    rtexit2.o(.ARM.Collect$$rtexit$$00000003) refers to libshutdown.o(.ARM.Collect$$libshutdown$$00000000) for __rt_lib_shutdown
    rtexit2.o(.ARM.Collect$$rtexit$$00000004) refers to sys_exit.o(.text) for _sys_exit
    rtexit2.o(.ARM.exidx) refers to rtexit2.o(.ARM.Collect$$rtexit$$00000001) for .ARM.Collect$$rtexit$$00000001
    rtexit2.o(.ARM.exidx) refers to rtexit2.o(.ARM.Collect$$rtexit$$00000003) for .ARM.Collect$$rtexit$$00000003
    rtexit2.o(.ARM.exidx) refers to rtexit2.o(.ARM.Collect$$rtexit$$00000004) for .ARM.Collect$$rtexit$$00000004
    argv_veneer.o(.emb_text) refers to no_argv.o(.text) for __ARM_get_argv
    sys_exit.o(.text) refers (Special) to use_no_semi.o(.text) for __I$use$semihosting
    sys_exit.o(.text) refers (Special) to indicate_semi.o(.text) for __semihosting_library_function
    sys_exit_hlt.o(.text) refers (Special) to use_no_semi.o(.text) for __I$use$semihosting
    sys_exit_hlt.o(.text) refers (Special) to indicate_semi.o(.text) for __semihosting_library_function
    _get_argv_nomalloc.o(.text) refers (Special) to hrguard.o(.text) for __heap_region$guard
    _get_argv_nomalloc.o(.text) refers to defsig_rtmem_outer.o(.text) for __rt_SIGRTMEM
    _get_argv_nomalloc.o(.text) refers to sys_command.o(.text) for _sys_command_string
    libshutdown.o(.ARM.Collect$$libshutdown$$00000000) refers (Special) to libshutdown2.o(.ARM.Collect$$libshutdown$$00000002) for __rt_lib_shutdown_cpp_1
    libshutdown.o(.ARM.Collect$$libshutdown$$00000000) refers (Special) to libshutdown2.o(.ARM.Collect$$libshutdown$$00000007) for __rt_lib_shutdown_fp_trap_1
    libshutdown.o(.ARM.Collect$$libshutdown$$00000000) refers (Special) to libshutdown2.o(.ARM.Collect$$libshutdown$$0000000F) for __rt_lib_shutdown_heap_1
    libshutdown.o(.ARM.Collect$$libshutdown$$00000000) refers (Special) to libshutdown2.o(.ARM.Collect$$libshutdown$$00000010) for __rt_lib_shutdown_return
    libshutdown.o(.ARM.Collect$$libshutdown$$00000000) refers (Special) to libshutdown2.o(.ARM.Collect$$libshutdown$$0000000A) for __rt_lib_shutdown_signal_1
    libshutdown.o(.ARM.Collect$$libshutdown$$00000000) refers (Special) to libshutdown2.o(.ARM.Collect$$libshutdown$$00000004) for __rt_lib_shutdown_stdio_1
    libshutdown.o(.ARM.Collect$$libshutdown$$00000000) refers (Special) to libshutdown2.o(.ARM.Collect$$libshutdown$$0000000C) for __rt_lib_shutdown_user_alloc_1
    sys_command.o(.text) refers (Special) to use_no_semi.o(.text) for __I$use$semihosting
    sys_command.o(.text) refers (Special) to indicate_semi.o(.text) for __semihosting_library_function
    sys_command_hlt.o(.text) refers (Special) to use_no_semi.o(.text) for __I$use$semihosting
    sys_command_hlt.o(.text) refers (Special) to indicate_semi.o(.text) for __semihosting_library_function
    defsig_rtmem_outer.o(.text) refers to defsig_rtmem_inner.o(.text) for __rt_SIGRTMEM_inner
    defsig_rtmem_outer.o(.text) refers to defsig_exit.o(.text) for __sig_exit
    defsig_rtmem_formal.o(.text) refers to rt_raise.o(.text) for __rt_raise
    rt_raise.o(.text) refers to __raise.o(.text) for __raise
    rt_raise.o(.text) refers to sys_exit.o(.text) for _sys_exit
    defsig_exit.o(.text) refers to sys_exit.o(.text) for _sys_exit
    defsig_rtmem_inner.o(.text) refers to defsig_general.o(.text) for __default_signal_display
    __raise.o(.text) refers to defsig.o(CL$$defsig) for __default_signal_handler
    defsig_general.o(.text) refers to sys_wrch.o(.text) for _ttywrch
    sys_wrch.o(.text) refers (Special) to use_no_semi.o(.text) for __I$use$semihosting
    sys_wrch.o(.text) refers (Special) to indicate_semi.o(.text) for __semihosting_library_function
    sys_wrch_hlt.o(.text) refers (Special) to use_no_semi.o(.text) for __I$use$semihosting
    sys_wrch_hlt.o(.text) refers (Special) to indicate_semi.o(.text) for __semihosting_library_function
    defsig.o(CL$$defsig) refers to defsig_rtmem_inner.o(.text) for __rt_SIGRTMEM_inner
    defsig_abrt_inner.o(.text) refers to defsig_general.o(.text) for __default_signal_display
    defsig_fpe_inner.o(.text) refers to defsig_general.o(.text) for __default_signal_display
    defsig_rtred_inner.o(.text) refers to defsig_general.o(.text) for __default_signal_display
    defsig_stak_inner.o(.text) refers to defsig_general.o(.text) for __default_signal_display
    defsig_pvfn_inner.o(.text) refers to defsig_general.o(.text) for __default_signal_display
    defsig_cppl_inner.o(.text) refers to defsig_general.o(.text) for __default_signal_display
    defsig_segv_inner.o(.text) refers to defsig_general.o(.text) for __default_signal_display
    defsig_other.o(.text) refers to defsig_general.o(.text) for __default_signal_display


==============================================================================

Removing Unused input sections from the image.

    Removing lpit.o(.text), (0 bytes).
    Removing lpit.o(.ARM.exidx.text.lpit_general_config), (8 bytes).
    Removing lpit.o(.ARM.exidx.text.lpit_channel_config), (8 bytes).
    Removing lpit.o(.ARM.exidx.text.lpit_enable_interrupt), (8 bytes).
    Removing lpit.o(.text.lpit_disable_interrupt), (38 bytes).
    Removing lpit.o(.ARM.exidx.text.lpit_disable_interrupt), (8 bytes).
    Removing lpit.o(.ARM.exidx.text.lpit_enable_single_channel), (8 bytes).
    Removing lpit.o(.ARM.exidx.text.lpit_disable_single_channel), (8 bytes).
    Removing lpit.o(.ARM.exidx.text.lpit_set_reload_value), (8 bytes).
    Removing lpit.o(.text.lpit_get_reload_value), (28 bytes).
    Removing lpit.o(.ARM.exidx.text.lpit_get_reload_value), (8 bytes).
    Removing main.o(.text), (0 bytes).
    Removing main.o(.ARM.exidx.text.main), (8 bytes).
    Removing main.o(.ARM.exidx.text.system_initialize), (8 bytes).
    Removing main.o(.ARM.exidx.text.process_led), (8 bytes).
    Removing main.o(.ARM.exidx.text.delay_lpit), (8 bytes).
    Removing main.o(.ARM.exidx.text.scg_initialize), (8 bytes).
    Removing main.o(.ARM.exidx.text.lpit_initialize), (8 bytes).
    Removing main.o(.ARM.exidx.text.pcc_initialize), (8 bytes).
    Removing main.o(.ARM.exidx.text.gpio_initialize), (8 bytes).
    Removing main.o(.ARM.exidx.text.nvic_initialize), (8 bytes).
    Removing main.o(.ARM.exidx.text.LPIT0_Ch0_IRQHandler), (8 bytes).
    Removing main.o(.ARM.exidx.text.PORTC_IRQHandler), (8 bytes).
    Removing nvic.o(.text), (0 bytes).
    Removing nvic.o(.ARM.exidx.text.nvic_enable_interrupt), (8 bytes).
    Removing nvic.o(.text.nvic_disable_interrupt), (40 bytes).
    Removing nvic.o(.ARM.exidx.text.nvic_disable_interrupt), (8 bytes).
    Removing nvic.o(.text.nvic_set_priority), (50 bytes).
    Removing nvic.o(.ARM.exidx.text.nvic_set_priority), (8 bytes).
    Removing nvic.o(.text.nvic_clear_pending), (40 bytes).
    Removing nvic.o(.ARM.exidx.text.nvic_clear_pending), (8 bytes).
    Removing nvic.o(.text.nvic_set_pending), (40 bytes).
    Removing nvic.o(.ARM.exidx.text.nvic_set_pending), (8 bytes).
    Removing port_gpio.o(.text), (0 bytes).
    Removing port_gpio.o(.ARM.exidx.text.gpio_config), (8 bytes).
    Removing port_gpio.o(.text.gpio_config_basic_input), (66 bytes).
    Removing port_gpio.o(.ARM.exidx.text.gpio_config_basic_input), (8 bytes).
    Removing port_gpio.o(.ARM.exidx.text.gpio_config_basic_input_with_interrupt), (8 bytes).
    Removing port_gpio.o(.text.gpio_config_basic_output_low_strength), (64 bytes).
    Removing port_gpio.o(.ARM.exidx.text.gpio_config_basic_output_low_strength), (8 bytes).
    Removing port_gpio.o(.ARM.exidx.text.gpio_config_basic_output_high_strength), (8 bytes).
    Removing scg.o(.text), (0 bytes).
    Removing scg.o(.ARM.exidx.text.scg_sosc_config), (8 bytes).
    Removing scg.o(.text.scg_sirc_config), (134 bytes).
    Removing scg.o(.ARM.exidx.text.scg_sirc_config), (8 bytes).
    Removing scg.o(.text.scg_firc_config), (136 bytes).
    Removing scg.o(.ARM.exidx.text.scg_firc_config), (8 bytes).
    Removing scg.o(.ARM.exidx.text.scg_spll_config), (8 bytes).
    Removing scg.o(.ARM.exidx.text.scg_system_clock_config), (8 bytes).
    Removing systick.o(.text), (0 bytes).
    Removing systick.o(.text.systick_initialize), (44 bytes).
    Removing systick.o(.ARM.exidx.text.systick_initialize), (8 bytes).
    Removing systick.o(.text.systick_start), (30 bytes).
    Removing systick.o(.ARM.exidx.text.systick_start), (8 bytes).
    Removing systick.o(.text.systick_stop), (18 bytes).
    Removing systick.o(.ARM.exidx.text.systick_stop), (8 bytes).
    Removing systick.o(.ARM.exidx.text.SysTick_Handler), (8 bytes).
    Removing systick.o(.text.systick_get_ms), (12 bytes).
    Removing systick.o(.ARM.exidx.text.systick_get_ms), (8 bytes).
    Removing systick.o(.text.systick_clean), (14 bytes).
    Removing systick.o(.ARM.exidx.text.systick_clean), (8 bytes).
    Removing startup.o(.text), (0 bytes).
    Removing startup.o(.ARM.exidx.text.init_data_bss), (8 bytes).
    Removing system_s32k144.o(.text), (0 bytes).
    Removing system_s32k144.o(.ARM.exidx.text.SystemInit), (8 bytes).
    Removing system_s32k144.o(.text.SystemCoreClockUpdate), (258 bytes).
    Removing system_s32k144.o(.ARM.exidx.text.SystemCoreClockUpdate), (8 bytes).
    Removing system_s32k144.o(.text.SystemSoftwareReset), (48 bytes).
    Removing system_s32k144.o(.ARM.exidx.text.SystemSoftwareReset), (8 bytes).
    Removing system_s32k144.o(.data.SystemCoreClock), (4 bytes).
    Removing system_s32k144.o(.rodata.SystemCoreClockUpdate.fircFreq), (4 bytes).

71 unused section(s) (total 1420 bytes) removed from the image.

==============================================================================

Image Symbol Table

    Local Symbols

    Symbol Name                              Value     Ov Type        Size  Object(Section)

    ../clib/angel/boardlib.s                 0x00000000   Number         0  boardinit1.o ABSOLUTE
    ../clib/angel/boardlib.s                 0x00000000   Number         0  boardinit2.o ABSOLUTE
    ../clib/angel/boardlib.s                 0x00000000   Number         0  boardinit3.o ABSOLUTE
    ../clib/angel/boardlib.s                 0x00000000   Number         0  boardshut.o ABSOLUTE
    ../clib/angel/handlers.s                 0x00000000   Number         0  __scatter_copy.o ABSOLUTE
    ../clib/angel/handlers.s                 0x00000000   Number         0  __scatter_zi.o ABSOLUTE
    ../clib/angel/kernel.s                   0x00000000   Number         0  __rtentry.o ABSOLUTE
    ../clib/angel/kernel.s                   0x00000000   Number         0  __rtentry2.o ABSOLUTE
    ../clib/angel/kernel.s                   0x00000000   Number         0  __rtentry4.o ABSOLUTE
    ../clib/angel/kernel.s                   0x00000000   Number         0  __rtentry7.o ABSOLUTE
    ../clib/angel/kernel.s                   0x00000000   Number         0  rtexit.o ABSOLUTE
    ../clib/angel/kernel.s                   0x00000000   Number         0  rtexit2.o ABSOLUTE
    ../clib/angel/rt.s                       0x00000000   Number         0  rt_raise.o ABSOLUTE
    ../clib/angel/scatter.s                  0x00000000   Number         0  __scatter.o ABSOLUTE
    ../clib/angel/startup.s                  0x00000000   Number         0  __main.o ABSOLUTE
    ../clib/angel/sys.s                      0x00000000   Number         0  sys_stackheap_outer.o ABSOLUTE
    ../clib/angel/sys.s                      0x00000000   Number         0  libspace.o ABSOLUTE
    ../clib/angel/sys.s                      0x00000000   Number         0  sys_stackheap.o ABSOLUTE
    ../clib/angel/sys.s                      0x00000000   Number         0  sys_stackheap_hlt.o ABSOLUTE
    ../clib/angel/sys.s                      0x00000000   Number         0  use_no_semi.o ABSOLUTE
    ../clib/angel/sys.s                      0x00000000   Number         0  indicate_semi.o ABSOLUTE
    ../clib/angel/sysapp.c                   0x00000000   Number         0  sys_exit.o ABSOLUTE
    ../clib/angel/sysapp.c                   0x00000000   Number         0  sys_exit_hlt.o ABSOLUTE
    ../clib/angel/sysapp.c                   0x00000000   Number         0  sys_command.o ABSOLUTE
    ../clib/angel/sysapp.c                   0x00000000   Number         0  sys_command_hlt.o ABSOLUTE
    ../clib/angel/sysapp.c                   0x00000000   Number         0  sys_wrch.o ABSOLUTE
    ../clib/angel/sysapp.c                   0x00000000   Number         0  sys_wrch_hlt.o ABSOLUTE
    ../clib/armsys.c                         0x00000000   Number         0  _main.o ABSOLUTE
    ../clib/armsys.c                         0x00000000   Number         0  argv_veneer.o ABSOLUTE
    ../clib/armsys.c                         0x00000000   Number         0  argv_veneer.o ABSOLUTE
    ../clib/armsys.c                         0x00000000   Number         0  _get_argv_nomalloc.o ABSOLUTE
    ../clib/armsys.c                         0x00000000   Number         0  no_argv.o ABSOLUTE
    ../clib/heapalloc.c                      0x00000000   Number         0  hrguard.o ABSOLUTE
    ../clib/libinit.s                        0x00000000   Number         0  libinit.o ABSOLUTE
    ../clib/libinit.s                        0x00000000   Number         0  libinit2.o ABSOLUTE
    ../clib/libinit.s                        0x00000000   Number         0  libinit5.o ABSOLUTE
    ../clib/libinit.s                        0x00000000   Number         0  libshutdown.o ABSOLUTE
    ../clib/libinit.s                        0x00000000   Number         0  libshutdown2.o ABSOLUTE
    ../clib/signal.c                         0x00000000   Number         0  defsig_rtmem_outer.o ABSOLUTE
    ../clib/signal.c                         0x00000000   Number         0  defsig_rtmem_formal.o ABSOLUTE
    ../clib/signal.c                         0x00000000   Number         0  defsig_exit.o ABSOLUTE
    ../clib/signal.c                         0x00000000   Number         0  defsig_rtmem_inner.o ABSOLUTE
    ../clib/signal.c                         0x00000000   Number         0  __raise.o ABSOLUTE
    ../clib/signal.c                         0x00000000   Number         0  defsig_general.o ABSOLUTE
    ../clib/signal.c                         0x00000000   Number         0  defsig_abrt_inner.o ABSOLUTE
    ../clib/signal.c                         0x00000000   Number         0  defsig_fpe_inner.o ABSOLUTE
    ../clib/signal.c                         0x00000000   Number         0  defsig_rtred_inner.o ABSOLUTE
    ../clib/signal.c                         0x00000000   Number         0  defsig_stak_inner.o ABSOLUTE
    ../clib/signal.c                         0x00000000   Number         0  defsig_pvfn_inner.o ABSOLUTE
    ../clib/signal.c                         0x00000000   Number         0  defsig_cppl_inner.o ABSOLUTE
    ../clib/signal.c                         0x00000000   Number         0  defsig_segv_inner.o ABSOLUTE
    ../clib/signal.c                         0x00000000   Number         0  defsig_other.o ABSOLUTE
    ../clib/signal.s                         0x00000000   Number         0  defsig.o ABSOLUTE
    ../clib/stdlib.c                         0x00000000   Number         0  exit.o ABSOLUTE
    ../fplib/fpinit.s                        0x00000000   Number         0  fpinit.o ABSOLUTE
    RTE\Device\S32K144HAxxxLLx\startup_S32K144.S 0x00000000   Number         0  startup_s32k144.o ABSOLUTE
    dc.s                                     0x00000000   Number         0  dc.o ABSOLUTE
    lpit.c                                   0x00000000   Number         0  lpit.o ABSOLUTE
    main.c                                   0x00000000   Number         0  main.o ABSOLUTE
    nvic.c                                   0x00000000   Number         0  nvic.o ABSOLUTE
    port_gpio.c                              0x00000000   Number         0  port_gpio.o ABSOLUTE
    scg.c                                    0x00000000   Number         0  scg.o ABSOLUTE
    startup.c                                0x00000000   Number         0  startup.o ABSOLUTE
    system_S32K144.c                         0x00000000   Number         0  system_s32k144.o ABSOLUTE
    systick.c                                0x00000000   Number         0  systick.o ABSOLUTE
    RESET                                    0x00000000   Section      560  startup_s32k144.o(RESET)
    FlashConfig                              0x00000400   Section       16  startup_s32k144.o(FlashConfig)
    s_vectors                                0x00000410   Data           4  startup.o(.rodata.s_vectors)
    [Anonymous Symbol]                       0x00000410   Section        0  startup.o(.rodata.s_vectors)
    !!!main                                  0x00000414   Section        8  __main.o(!!!main)
    !!!scatter                               0x0000041c   Section       52  __scatter.o(!!!scatter)
    !!handler_copy                           0x00000450   Section       26  __scatter_copy.o(!!handler_copy)
    !!handler_zi                             0x0000046c   Section       28  __scatter_zi.o(!!handler_zi)
    .ARM.Collect$$libinit$$00000000          0x00000488   Section        2  libinit.o(.ARM.Collect$$libinit$$00000000)
    .ARM.Collect$$libinit$$00000001          0x0000048a   Section        4  libinit2.o(.ARM.Collect$$libinit$$00000001)
    .ARM.Collect$$libinit$$00000004          0x0000048e   Section        0  libinit2.o(.ARM.Collect$$libinit$$00000004)
    .ARM.Collect$$libinit$$0000000A          0x0000048e   Section        0  libinit2.o(.ARM.Collect$$libinit$$0000000A)
    .ARM.Collect$$libinit$$0000000C          0x0000048e   Section        0  libinit2.o(.ARM.Collect$$libinit$$0000000C)
    .ARM.Collect$$libinit$$0000000E          0x0000048e   Section        0  libinit2.o(.ARM.Collect$$libinit$$0000000E)
    .ARM.Collect$$libinit$$00000011          0x0000048e   Section        0  libinit2.o(.ARM.Collect$$libinit$$00000011)
    .ARM.Collect$$libinit$$00000013          0x0000048e   Section        0  libinit2.o(.ARM.Collect$$libinit$$00000013)
    .ARM.Collect$$libinit$$00000015          0x0000048e   Section        0  libinit2.o(.ARM.Collect$$libinit$$00000015)
    .ARM.Collect$$libinit$$00000017          0x0000048e   Section        0  libinit2.o(.ARM.Collect$$libinit$$00000017)
    .ARM.Collect$$libinit$$00000019          0x0000048e   Section        0  libinit2.o(.ARM.Collect$$libinit$$00000019)
    .ARM.Collect$$libinit$$0000001B          0x0000048e   Section        0  libinit2.o(.ARM.Collect$$libinit$$0000001B)
    .ARM.Collect$$libinit$$0000001D          0x0000048e   Section        0  libinit2.o(.ARM.Collect$$libinit$$0000001D)
    .ARM.Collect$$libinit$$0000001F          0x0000048e   Section        0  libinit2.o(.ARM.Collect$$libinit$$0000001F)
    .ARM.Collect$$libinit$$00000021          0x0000048e   Section        0  libinit2.o(.ARM.Collect$$libinit$$00000021)
    .ARM.Collect$$libinit$$00000023          0x0000048e   Section        0  libinit2.o(.ARM.Collect$$libinit$$00000023)
    .ARM.Collect$$libinit$$00000025          0x0000048e   Section        0  libinit2.o(.ARM.Collect$$libinit$$00000025)
    .ARM.Collect$$libinit$$0000002C          0x0000048e   Section        0  libinit2.o(.ARM.Collect$$libinit$$0000002C)
    .ARM.Collect$$libinit$$0000002E          0x0000048e   Section        0  libinit2.o(.ARM.Collect$$libinit$$0000002E)
    .ARM.Collect$$libinit$$00000030          0x0000048e   Section        0  libinit2.o(.ARM.Collect$$libinit$$00000030)
    .ARM.Collect$$libinit$$00000032          0x0000048e   Section        0  libinit2.o(.ARM.Collect$$libinit$$00000032)
    .ARM.Collect$$libinit$$00000033          0x0000048e   Section        2  libinit2.o(.ARM.Collect$$libinit$$00000033)
    .ARM.Collect$$libshutdown$$00000000      0x00000490   Section        2  libshutdown.o(.ARM.Collect$$libshutdown$$00000000)
    .ARM.Collect$$libshutdown$$00000002      0x00000492   Section        0  libshutdown2.o(.ARM.Collect$$libshutdown$$00000002)
    .ARM.Collect$$libshutdown$$00000004      0x00000492   Section        0  libshutdown2.o(.ARM.Collect$$libshutdown$$00000004)
    .ARM.Collect$$libshutdown$$00000007      0x00000492   Section        0  libshutdown2.o(.ARM.Collect$$libshutdown$$00000007)
    .ARM.Collect$$libshutdown$$0000000A      0x00000492   Section        0  libshutdown2.o(.ARM.Collect$$libshutdown$$0000000A)
    .ARM.Collect$$libshutdown$$0000000C      0x00000492   Section        0  libshutdown2.o(.ARM.Collect$$libshutdown$$0000000C)
    .ARM.Collect$$libshutdown$$0000000F      0x00000492   Section        0  libshutdown2.o(.ARM.Collect$$libshutdown$$0000000F)
    .ARM.Collect$$libshutdown$$00000010      0x00000492   Section        2  libshutdown2.o(.ARM.Collect$$libshutdown$$00000010)
    .ARM.Collect$$rtentry$$00000000          0x00000494   Section        0  __rtentry.o(.ARM.Collect$$rtentry$$00000000)
    .ARM.Collect$$rtentry$$00000002          0x00000494   Section        0  __rtentry2.o(.ARM.Collect$$rtentry$$00000002)
    .ARM.Collect$$rtentry$$00000007          0x00000494   Section        4  __rtentry7.o(.ARM.Collect$$rtentry$$00000007)
    .ARM.Collect$$rtentry$$00000009          0x00000498   Section        0  __rtentry2.o(.ARM.Collect$$rtentry$$00000009)
    .ARM.Collect$$rtentry$$0000000A          0x00000498   Section        4  __rtentry2.o(.ARM.Collect$$rtentry$$0000000A)
    .ARM.Collect$$rtentry$$0000000C          0x0000049c   Section        0  __rtentry2.o(.ARM.Collect$$rtentry$$0000000C)
    .ARM.Collect$$rtentry$$0000000D          0x0000049c   Section        8  __rtentry2.o(.ARM.Collect$$rtentry$$0000000D)
    __lit__00000000                          0x000004a4   Data           4  __rtentry7.o(.ARM.Collect$$rtentry$$00002718)
    .ARM.Collect$$rtentry$$00002718          0x000004a4   Section        4  __rtentry7.o(.ARM.Collect$$rtentry$$00002718)
    .ARM.Collect$$rtexit$$00000000           0x000004a8   Section        2  rtexit.o(.ARM.Collect$$rtexit$$00000000)
    .ARM.Collect$$rtexit$$00000002           0x000004aa   Section        0  rtexit2.o(.ARM.Collect$$rtexit$$00000002)
    .ARM.Collect$$rtexit$$00000003           0x000004aa   Section        4  rtexit2.o(.ARM.Collect$$rtexit$$00000003)
    .ARM.Collect$$rtexit$$00000004           0x000004ae   Section        6  rtexit2.o(.ARM.Collect$$rtexit$$00000004)
    .text                                    0x000004b4   Section      156  startup_s32k144.o(.text)
    $v0                                      0x00000508   Number         0  startup_s32k144.o(.text)
    .text                                    0x00000550   Section        0  _main.o(.text)
    .text                                    0x00000554   Section        0  exit.o(.text)
    .text                                    0x00000566   Section        2  use_no_semi.o(.text)
    .text                                    0x00000568   Section        0  indicate_semi.o(.text)
    .text                                    0x00000568   Section        0  sys_exit.o(.text)
    [Anonymous Symbol]                       0x00000574   Section        0  main.o(.text.LPIT0_Ch0_IRQHandler)
    [Anonymous Symbol]                       0x00000594   Section        0  main.o(.text.PORTC_IRQHandler)
    [Anonymous Symbol]                       0x000006b0   Section        0  systick.o(.text.SysTick_Handler)
    [Anonymous Symbol]                       0x000006c0   Section        0  system_s32k144.o(.text.SystemInit)
    [Anonymous Symbol]                       0x00000714   Section        0  main.o(.text.delay_lpit)
    [Anonymous Symbol]                       0x0000075c   Section        0  port_gpio.o(.text.gpio_config)
    [Anonymous Symbol]                       0x0000097c   Section        0  port_gpio.o(.text.gpio_config_basic_input_with_interrupt)
    [Anonymous Symbol]                       0x000009c0   Section        0  port_gpio.o(.text.gpio_config_basic_output_high_strength)
    [Anonymous Symbol]                       0x00000a00   Section        0  main.o(.text.gpio_initialize)
    [Anonymous Symbol]                       0x00000a54   Section        0  startup.o(.text.init_data_bss)
    [Anonymous Symbol]                       0x00000af4   Section        0  lpit.o(.text.lpit_channel_config)
    [Anonymous Symbol]                       0x00000b6c   Section        0  lpit.o(.text.lpit_disable_single_channel)
    [Anonymous Symbol]                       0x00000b90   Section        0  lpit.o(.text.lpit_enable_interrupt)
    [Anonymous Symbol]                       0x00000bb4   Section        0  lpit.o(.text.lpit_enable_single_channel)
    [Anonymous Symbol]                       0x00000bd8   Section        0  lpit.o(.text.lpit_general_config)
    [Anonymous Symbol]                       0x00000c48   Section        0  main.o(.text.lpit_initialize)
    [Anonymous Symbol]                       0x00000c84   Section        0  lpit.o(.text.lpit_set_reload_value)
    [Anonymous Symbol]                       0x00000ca4   Section        0  main.o(.text.main)
    [Anonymous Symbol]                       0x00000cc0   Section        0  nvic.o(.text.nvic_enable_interrupt)
    [Anonymous Symbol]                       0x00000ce8   Section        0  main.o(.text.nvic_initialize)
    [Anonymous Symbol]                       0x00000cf8   Section        0  main.o(.text.pcc_initialize)
    [Anonymous Symbol]                       0x00000d34   Section        0  main.o(.text.process_led)
    [Anonymous Symbol]                       0x00000e48   Section        0  main.o(.text.scg_initialize)
    [Anonymous Symbol]                       0x00000e90   Section        0  scg.o(.text.scg_sosc_config)
    [Anonymous Symbol]                       0x00000f54   Section        0  scg.o(.text.scg_spll_config)
    [Anonymous Symbol]                       0x00001010   Section        0  scg.o(.text.scg_system_clock_config)
    [Anonymous Symbol]                       0x0000113c   Section        0  main.o(.text.system_initialize)
    $v0                                      0x00001154   Number         0  fpinit.o(x$fpl$fpinit)
    x$fpl$fpinit                             0x00001154   Section       26  fpinit.o(x$fpl$fpinit)
    gpios                                    0x1fff8400   Data          20  port_gpio.o(.data.gpios)
    [Anonymous Symbol]                       0x1fff8400   Section        0  port_gpio.o(.data.gpios)
    led_mask                                 0x1fff8414   Data          12  main.o(.data.led_mask)
    [Anonymous Symbol]                       0x1fff8414   Section        0  main.o(.data.led_mask)
    led_state                                0x1fff8420   Data           3  main.o(.data.led_state)
    [Anonymous Symbol]                       0x1fff8420   Section        0  main.o(.data.led_state)
    ports                                    0x1fff8424   Data          20  port_gpio.o(.data.ports)
    [Anonymous Symbol]                       0x1fff8424   Section        0  port_gpio.o(.data.ports)
    led_active                               0x20000000   Data           1  main.o(.bss.led_active)
    [Anonymous Symbol]                       0x20000000   Section        0  main.o(.bss.led_active)
    lpit_1s_complete                         0x20000001   Data           1  main.o(.bss.lpit_1s_complete)
    [Anonymous Symbol]                       0x20000001   Section        0  main.o(.bss.lpit_1s_complete)
    ms_count                                 0x20000004   Data           4  systick.o(.bss.ms_count)
    [Anonymous Symbol]                       0x20000004   Section        0  systick.o(.bss.ms_count)
    running_mode                             0x20000008   Data           3  main.o(.bss.running_mode)
    [Anonymous Symbol]                       0x20000008   Section        0  main.o(.bss.running_mode)

    Global Symbols

    Symbol Name                              Value     Ov Type        Size  Object(Section)

    BuildAttributes$$THM_ISAv4$E$P$D$K$B$S$7EM$VFPi3$EXTD16$VFPS$VFMA$PE$A:L22UL41UL21$X:L11$S22US41US21$IEEE1$IW$~IW$USESV6$~STKCKD$USESV7$~SHL$OSPACE$ROPI$EBA8$UX$STANDARDLIB$REQ8$PRES8$EABIv2 0x00000000   Number         0  anon$$obj.o ABSOLUTE
    Image$$RW_m_code$$Length                 0x00000000   Number         0  anon$$obj.o ABSOLUTE
    Image$$VECTOR_RAM$$Length                0x00000000   Number         0  anon$$obj.o ABSOLUTE
    Image$$VECTOR_ROM$$Base                  0x00000000   Number         0  anon$$obj.o ABSOLUTE
    __Vectors                                0x00000000   Data           4  startup_s32k144.o(RESET)
    Image$$ZI$$Limit                          - Undefined Weak Reference
    __ARM_exceptions_init                     - Undefined Weak Reference
    __alloca_initialize                       - Undefined Weak Reference
    __arm_preinit_                            - Undefined Weak Reference
    __cpp_initialize__aeabi_                  - Undefined Weak Reference
    __cxa_finalize                            - Undefined Weak Reference
    __rt_locale                               - Undefined Weak Reference
    __sigvec_lookup                           - Undefined Weak Reference
    _atexit_init                              - Undefined Weak Reference
    _call_atexit_fns                          - Undefined Weak Reference
    _clock_init                               - Undefined Weak Reference
    _fp_trap_init                             - Undefined Weak Reference
    _fp_trap_shutdown                         - Undefined Weak Reference
    _get_lc_collate                           - Undefined Weak Reference
    _get_lc_ctype                             - Undefined Weak Reference
    _get_lc_monetary                          - Undefined Weak Reference
    _get_lc_numeric                           - Undefined Weak Reference
    _get_lc_time                              - Undefined Weak Reference
    _getenv_init                              - Undefined Weak Reference
    _handle_redirection                       - Undefined Weak Reference
    _init_alloc                               - Undefined Weak Reference
    _init_user_alloc                          - Undefined Weak Reference
    _initio                                   - Undefined Weak Reference
    _rand_init                                - Undefined Weak Reference
    _signal_finish                            - Undefined Weak Reference
    _signal_init                              - Undefined Weak Reference
    _terminate_alloc                          - Undefined Weak Reference
    _terminate_user_alloc                     - Undefined Weak Reference
    _terminateio                              - Undefined Weak Reference
    Image$$RW_m_data$$Length                 0x00000038   Number         0  anon$$obj.o ABSOLUTE
    Image$$VECTOR_ROM$$Length                0x00000230   Number         0  anon$$obj.o ABSOLUTE
    Image$$VECTOR_ROM$$Limit                 0x00000230   Number         0  anon$$obj.o ABSOLUTE
    Image$$ER_m_text_const$$Base             0x00000410   Number         0  anon$$obj.o ABSOLUTE
    Image$$ER_m_text_const$$Limit            0x00000414   Number         0  anon$$obj.o ABSOLUTE
    __main                                   0x00000415   Thumb Code     8  __main.o(!!!main)
    __scatterload                            0x0000041d   Thumb Code     0  __scatter.o(!!!scatter)
    __scatterload_rt2                        0x0000041d   Thumb Code    44  __scatter.o(!!!scatter)
    __scatterload_rt2_thumb_only             0x0000041d   Thumb Code     0  __scatter.o(!!!scatter)
    __scatterload_null                       0x0000042b   Thumb Code     0  __scatter.o(!!!scatter)
    __scatterload_copy                       0x00000451   Thumb Code    26  __scatter_copy.o(!!handler_copy)
    __scatterload_zeroinit                   0x0000046d   Thumb Code    28  __scatter_zi.o(!!handler_zi)
    __rt_lib_init                            0x00000489   Thumb Code     0  libinit.o(.ARM.Collect$$libinit$$00000000)
    __rt_lib_init_fp_1                       0x0000048b   Thumb Code     0  libinit2.o(.ARM.Collect$$libinit$$00000001)
    __rt_lib_init_alloca_1                   0x0000048f   Thumb Code     0  libinit2.o(.ARM.Collect$$libinit$$0000002E)
    __rt_lib_init_argv_1                     0x0000048f   Thumb Code     0  libinit2.o(.ARM.Collect$$libinit$$0000002C)
    __rt_lib_init_atexit_1                   0x0000048f   Thumb Code     0  libinit2.o(.ARM.Collect$$libinit$$0000001B)
    __rt_lib_init_clock_1                    0x0000048f   Thumb Code     0  libinit2.o(.ARM.Collect$$libinit$$00000021)
    __rt_lib_init_cpp_1                      0x0000048f   Thumb Code     0  libinit2.o(.ARM.Collect$$libinit$$00000032)
    __rt_lib_init_exceptions_1               0x0000048f   Thumb Code     0  libinit2.o(.ARM.Collect$$libinit$$00000030)
    __rt_lib_init_fp_trap_1                  0x0000048f   Thumb Code     0  libinit2.o(.ARM.Collect$$libinit$$0000001F)
    __rt_lib_init_getenv_1                   0x0000048f   Thumb Code     0  libinit2.o(.ARM.Collect$$libinit$$00000023)
    __rt_lib_init_heap_1                     0x0000048f   Thumb Code     0  libinit2.o(.ARM.Collect$$libinit$$0000000A)
    __rt_lib_init_lc_collate_1               0x0000048f   Thumb Code     0  libinit2.o(.ARM.Collect$$libinit$$00000011)
    __rt_lib_init_lc_ctype_1                 0x0000048f   Thumb Code     0  libinit2.o(.ARM.Collect$$libinit$$00000013)
    __rt_lib_init_lc_monetary_1              0x0000048f   Thumb Code     0  libinit2.o(.ARM.Collect$$libinit$$00000015)
    __rt_lib_init_lc_numeric_1               0x0000048f   Thumb Code     0  libinit2.o(.ARM.Collect$$libinit$$00000017)
    __rt_lib_init_lc_time_1                  0x0000048f   Thumb Code     0  libinit2.o(.ARM.Collect$$libinit$$00000019)
    __rt_lib_init_preinit_1                  0x0000048f   Thumb Code     0  libinit2.o(.ARM.Collect$$libinit$$00000004)
    __rt_lib_init_rand_1                     0x0000048f   Thumb Code     0  libinit2.o(.ARM.Collect$$libinit$$0000000E)
    __rt_lib_init_return                     0x0000048f   Thumb Code     0  libinit2.o(.ARM.Collect$$libinit$$00000033)
    __rt_lib_init_signal_1                   0x0000048f   Thumb Code     0  libinit2.o(.ARM.Collect$$libinit$$0000001D)
    __rt_lib_init_stdio_1                    0x0000048f   Thumb Code     0  libinit2.o(.ARM.Collect$$libinit$$00000025)
    __rt_lib_init_user_alloc_1               0x0000048f   Thumb Code     0  libinit2.o(.ARM.Collect$$libinit$$0000000C)
    __rt_lib_shutdown                        0x00000491   Thumb Code     0  libshutdown.o(.ARM.Collect$$libshutdown$$00000000)
    __rt_lib_shutdown_cpp_1                  0x00000493   Thumb Code     0  libshutdown2.o(.ARM.Collect$$libshutdown$$00000002)
    __rt_lib_shutdown_fp_trap_1              0x00000493   Thumb Code     0  libshutdown2.o(.ARM.Collect$$libshutdown$$00000007)
    __rt_lib_shutdown_heap_1                 0x00000493   Thumb Code     0  libshutdown2.o(.ARM.Collect$$libshutdown$$0000000F)
    __rt_lib_shutdown_return                 0x00000493   Thumb Code     0  libshutdown2.o(.ARM.Collect$$libshutdown$$00000010)
    __rt_lib_shutdown_signal_1               0x00000493   Thumb Code     0  libshutdown2.o(.ARM.Collect$$libshutdown$$0000000A)
    __rt_lib_shutdown_stdio_1                0x00000493   Thumb Code     0  libshutdown2.o(.ARM.Collect$$libshutdown$$00000004)
    __rt_lib_shutdown_user_alloc_1           0x00000493   Thumb Code     0  libshutdown2.o(.ARM.Collect$$libshutdown$$0000000C)
    __rt_entry                               0x00000495   Thumb Code     0  __rtentry.o(.ARM.Collect$$rtentry$$00000000)
    __rt_entry_presh_1                       0x00000495   Thumb Code     0  __rtentry2.o(.ARM.Collect$$rtentry$$00000002)
    __rt_entry_sh                            0x00000495   Thumb Code     0  __rtentry7.o(.ARM.Collect$$rtentry$$00000007)
    __rt_entry_li                            0x00000499   Thumb Code     0  __rtentry2.o(.ARM.Collect$$rtentry$$0000000A)
    __rt_entry_postsh_1                      0x00000499   Thumb Code     0  __rtentry2.o(.ARM.Collect$$rtentry$$00000009)
    __rt_entry_main                          0x0000049d   Thumb Code     0  __rtentry2.o(.ARM.Collect$$rtentry$$0000000D)
    __rt_entry_postli_1                      0x0000049d   Thumb Code     0  __rtentry2.o(.ARM.Collect$$rtentry$$0000000C)
    __rt_exit                                0x000004a9   Thumb Code     0  rtexit.o(.ARM.Collect$$rtexit$$00000000)
    __rt_exit_ls                             0x000004ab   Thumb Code     0  rtexit2.o(.ARM.Collect$$rtexit$$00000003)
    __rt_exit_prels_1                        0x000004ab   Thumb Code     0  rtexit2.o(.ARM.Collect$$rtexit$$00000002)
    __rt_exit_exit                           0x000004af   Thumb Code     0  rtexit2.o(.ARM.Collect$$rtexit$$00000004)
    __RAM_VECTOR_TABLE_SIZE                  0x000004b4   Data           4  startup_s32k144.o(.text)
    __VECTOR_RAM                             0x000004b8   Data           4  startup_s32k144.o(.text)
    __VECTOR_ROM                             0x000004bc   Data           4  startup_s32k144.o(.text)
    __VECTOR_ROM_START                       0x000004c0   Data           4  startup_s32k144.o(.text)
    __VECTOR_ROM_END                         0x000004c4   Data           4  startup_s32k144.o(.text)
    __CODE_ROM                               0x000004c8   Data           4  startup_s32k144.o(.text)
    __CODE_END                               0x000004cc   Data           4  startup_s32k144.o(.text)
    __CODE_RAM                               0x000004d0   Data           4  startup_s32k144.o(.text)
    __CODE_RAM_START                         0x000004d4   Data           4  startup_s32k144.o(.text)
    __CODE_RAM_END                           0x000004d8   Data           4  startup_s32k144.o(.text)
    __BSS_START                              0x000004dc   Data           4  startup_s32k144.o(.text)
    __BSS_END                                0x000004e0   Data           4  startup_s32k144.o(.text)
    __DATA_RAM                               0x000004e4   Data           4  startup_s32k144.o(.text)
    __DATA_RAM_START                         0x000004e8   Data           4  startup_s32k144.o(.text)
    __DATA_RAM_END                           0x000004ec   Data           4  startup_s32k144.o(.text)
    __DATA_ROM                               0x000004f0   Data           4  startup_s32k144.o(.text)
    __DATA_END                               0x000004f4   Data           4  startup_s32k144.o(.text)
    __CUSTOM_SECTION_START                   0x000004f8   Data           4  startup_s32k144.o(.text)
    __CUSTOM_SECTION_END                     0x000004fc   Data           4  startup_s32k144.o(.text)
    __RAM_START                              0x00000500   Data           4  startup_s32k144.o(.text)
    __RAM_END                                0x00000504   Data           4  startup_s32k144.o(.text)
    Reset_Handler                            0x00000509   Thumb Code    28  startup_s32k144.o(.text)
    NMI_Handler                              0x00000525   Thumb Code     2  startup_s32k144.o(.text)
    HardFault_Handler                        0x00000527   Thumb Code     2  startup_s32k144.o(.text)
    MemManage_Handler                        0x00000529   Thumb Code     2  startup_s32k144.o(.text)
    BusFault_Handler                         0x0000052b   Thumb Code     2  startup_s32k144.o(.text)
    UsageFault_Handler                       0x0000052d   Thumb Code     2  startup_s32k144.o(.text)
    SVC_Handler                              0x0000052f   Thumb Code     2  startup_s32k144.o(.text)
    DebugMon_Handler                         0x00000531   Thumb Code     2  startup_s32k144.o(.text)
    PendSV_Handler                           0x00000533   Thumb Code     2  startup_s32k144.o(.text)
    DefaultISR                               0x00000537   Thumb Code     2  startup_s32k144.o(.text)
    ADC0_IRQHandler                          0x00000539   Thumb Code     0  startup_s32k144.o(.text)
    ADC1_IRQHandler                          0x00000539   Thumb Code     0  startup_s32k144.o(.text)
    CAN0_Error_IRQHandler                    0x00000539   Thumb Code     0  startup_s32k144.o(.text)
    CAN0_ORed_0_15_MB_IRQHandler             0x00000539   Thumb Code     0  startup_s32k144.o(.text)
    CAN0_ORed_16_31_MB_IRQHandler            0x00000539   Thumb Code     0  startup_s32k144.o(.text)
    CAN0_ORed_IRQHandler                     0x00000539   Thumb Code     0  startup_s32k144.o(.text)
    CAN0_Wake_Up_IRQHandler                  0x00000539   Thumb Code     0  startup_s32k144.o(.text)
    CAN1_Error_IRQHandler                    0x00000539   Thumb Code     0  startup_s32k144.o(.text)
    CAN1_ORed_0_15_MB_IRQHandler             0x00000539   Thumb Code     0  startup_s32k144.o(.text)
    CAN1_ORed_IRQHandler                     0x00000539   Thumb Code     0  startup_s32k144.o(.text)
    CAN2_Error_IRQHandler                    0x00000539   Thumb Code     0  startup_s32k144.o(.text)
    CAN2_ORed_0_15_MB_IRQHandler             0x00000539   Thumb Code     0  startup_s32k144.o(.text)
    CAN2_ORed_IRQHandler                     0x00000539   Thumb Code     0  startup_s32k144.o(.text)
    CMP0_IRQHandler                          0x00000539   Thumb Code     0  startup_s32k144.o(.text)
    DMA0_IRQHandler                          0x00000539   Thumb Code     0  startup_s32k144.o(.text)
    DMA10_IRQHandler                         0x00000539   Thumb Code     0  startup_s32k144.o(.text)
    DMA11_IRQHandler                         0x00000539   Thumb Code     0  startup_s32k144.o(.text)
    DMA12_IRQHandler                         0x00000539   Thumb Code     0  startup_s32k144.o(.text)
    DMA13_IRQHandler                         0x00000539   Thumb Code     0  startup_s32k144.o(.text)
    DMA14_IRQHandler                         0x00000539   Thumb Code     0  startup_s32k144.o(.text)
    DMA15_IRQHandler                         0x00000539   Thumb Code     0  startup_s32k144.o(.text)
    DMA1_IRQHandler                          0x00000539   Thumb Code     0  startup_s32k144.o(.text)
    DMA2_IRQHandler                          0x00000539   Thumb Code     0  startup_s32k144.o(.text)
    DMA3_IRQHandler                          0x00000539   Thumb Code     0  startup_s32k144.o(.text)
    DMA4_IRQHandler                          0x00000539   Thumb Code     0  startup_s32k144.o(.text)
    DMA5_IRQHandler                          0x00000539   Thumb Code     0  startup_s32k144.o(.text)
    DMA6_IRQHandler                          0x00000539   Thumb Code     0  startup_s32k144.o(.text)
    DMA7_IRQHandler                          0x00000539   Thumb Code     0  startup_s32k144.o(.text)
    DMA8_IRQHandler                          0x00000539   Thumb Code     0  startup_s32k144.o(.text)
    DMA9_IRQHandler                          0x00000539   Thumb Code     0  startup_s32k144.o(.text)
    DMA_Error_IRQHandler                     0x00000539   Thumb Code     0  startup_s32k144.o(.text)
    ERM_double_fault_IRQHandler              0x00000539   Thumb Code     0  startup_s32k144.o(.text)
    ERM_single_fault_IRQHandler              0x00000539   Thumb Code     0  startup_s32k144.o(.text)
    FLEXIO_IRQHandler                        0x00000539   Thumb Code     0  startup_s32k144.o(.text)
    FTFC_Fault_IRQHandler                    0x00000539   Thumb Code     0  startup_s32k144.o(.text)
    FTFC_IRQHandler                          0x00000539   Thumb Code     0  startup_s32k144.o(.text)
    FTM0_Ch0_Ch1_IRQHandler                  0x00000539   Thumb Code     0  startup_s32k144.o(.text)
    FTM0_Ch2_Ch3_IRQHandler                  0x00000539   Thumb Code     0  startup_s32k144.o(.text)
    FTM0_Ch4_Ch5_IRQHandler                  0x00000539   Thumb Code     0  startup_s32k144.o(.text)
    FTM0_Ch6_Ch7_IRQHandler                  0x00000539   Thumb Code     0  startup_s32k144.o(.text)
    FTM0_Fault_IRQHandler                    0x00000539   Thumb Code     0  startup_s32k144.o(.text)
    FTM0_Ovf_Reload_IRQHandler               0x00000539   Thumb Code     0  startup_s32k144.o(.text)
    FTM1_Ch0_Ch1_IRQHandler                  0x00000539   Thumb Code     0  startup_s32k144.o(.text)
    FTM1_Ch2_Ch3_IRQHandler                  0x00000539   Thumb Code     0  startup_s32k144.o(.text)
    FTM1_Ch4_Ch5_IRQHandler                  0x00000539   Thumb Code     0  startup_s32k144.o(.text)
    FTM1_Ch6_Ch7_IRQHandler                  0x00000539   Thumb Code     0  startup_s32k144.o(.text)
    FTM1_Fault_IRQHandler                    0x00000539   Thumb Code     0  startup_s32k144.o(.text)
    FTM1_Ovf_Reload_IRQHandler               0x00000539   Thumb Code     0  startup_s32k144.o(.text)
    FTM2_Ch0_Ch1_IRQHandler                  0x00000539   Thumb Code     0  startup_s32k144.o(.text)
    FTM2_Ch2_Ch3_IRQHandler                  0x00000539   Thumb Code     0  startup_s32k144.o(.text)
    FTM2_Ch4_Ch5_IRQHandler                  0x00000539   Thumb Code     0  startup_s32k144.o(.text)
    FTM2_Ch6_Ch7_IRQHandler                  0x00000539   Thumb Code     0  startup_s32k144.o(.text)
    FTM2_Fault_IRQHandler                    0x00000539   Thumb Code     0  startup_s32k144.o(.text)
    FTM2_Ovf_Reload_IRQHandler               0x00000539   Thumb Code     0  startup_s32k144.o(.text)
    FTM3_Ch0_Ch1_IRQHandler                  0x00000539   Thumb Code     0  startup_s32k144.o(.text)
    FTM3_Ch2_Ch3_IRQHandler                  0x00000539   Thumb Code     0  startup_s32k144.o(.text)
    FTM3_Ch4_Ch5_IRQHandler                  0x00000539   Thumb Code     0  startup_s32k144.o(.text)
    FTM3_Ch6_Ch7_IRQHandler                  0x00000539   Thumb Code     0  startup_s32k144.o(.text)
    FTM3_Fault_IRQHandler                    0x00000539   Thumb Code     0  startup_s32k144.o(.text)
    FTM3_Ovf_Reload_IRQHandler               0x00000539   Thumb Code     0  startup_s32k144.o(.text)
    LPI2C0_Master_IRQHandler                 0x00000539   Thumb Code     0  startup_s32k144.o(.text)
    LPI2C0_Slave_IRQHandler                  0x00000539   Thumb Code     0  startup_s32k144.o(.text)
    LPIT0_Ch1_IRQHandler                     0x00000539   Thumb Code     0  startup_s32k144.o(.text)
    LPIT0_Ch2_IRQHandler                     0x00000539   Thumb Code     0  startup_s32k144.o(.text)
    LPIT0_Ch3_IRQHandler                     0x00000539   Thumb Code     0  startup_s32k144.o(.text)
    LPSPI0_IRQHandler                        0x00000539   Thumb Code     0  startup_s32k144.o(.text)
    LPSPI1_IRQHandler                        0x00000539   Thumb Code     0  startup_s32k144.o(.text)
    LPSPI2_IRQHandler                        0x00000539   Thumb Code     0  startup_s32k144.o(.text)
    LPTMR0_IRQHandler                        0x00000539   Thumb Code     0  startup_s32k144.o(.text)
    LPUART0_RxTx_IRQHandler                  0x00000539   Thumb Code     0  startup_s32k144.o(.text)
    LPUART1_RxTx_IRQHandler                  0x00000539   Thumb Code     0  startup_s32k144.o(.text)
    LPUART2_RxTx_IRQHandler                  0x00000539   Thumb Code     0  startup_s32k144.o(.text)
    LVD_LVW_IRQHandler                       0x00000539   Thumb Code     0  startup_s32k144.o(.text)
    MCM_IRQHandler                           0x00000539   Thumb Code     0  startup_s32k144.o(.text)
    PDB0_IRQHandler                          0x00000539   Thumb Code     0  startup_s32k144.o(.text)
    PDB1_IRQHandler                          0x00000539   Thumb Code     0  startup_s32k144.o(.text)
    PORTA_IRQHandler                         0x00000539   Thumb Code     0  startup_s32k144.o(.text)
    PORTB_IRQHandler                         0x00000539   Thumb Code     0  startup_s32k144.o(.text)
    PORTD_IRQHandler                         0x00000539   Thumb Code     0  startup_s32k144.o(.text)
    PORTE_IRQHandler                         0x00000539   Thumb Code     0  startup_s32k144.o(.text)
    RCM_IRQHandler                           0x00000539   Thumb Code     0  startup_s32k144.o(.text)
    RTC_IRQHandler                           0x00000539   Thumb Code     0  startup_s32k144.o(.text)
    RTC_Seconds_IRQHandler                   0x00000539   Thumb Code     0  startup_s32k144.o(.text)
    Read_Collision_IRQHandler                0x00000539   Thumb Code     0  startup_s32k144.o(.text)
    Reserved100_IRQHandler                   0x00000539   Thumb Code     0  startup_s32k144.o(.text)
    Reserved103_IRQHandler                   0x00000539   Thumb Code     0  startup_s32k144.o(.text)
    Reserved105_IRQHandler                   0x00000539   Thumb Code     0  startup_s32k144.o(.text)
    Reserved106_IRQHandler                   0x00000539   Thumb Code     0  startup_s32k144.o(.text)
    Reserved107_IRQHandler                   0x00000539   Thumb Code     0  startup_s32k144.o(.text)
    Reserved110_IRQHandler                   0x00000539   Thumb Code     0  startup_s32k144.o(.text)
    Reserved112_IRQHandler                   0x00000539   Thumb Code     0  startup_s32k144.o(.text)
    Reserved113_IRQHandler                   0x00000539   Thumb Code     0  startup_s32k144.o(.text)
    Reserved114_IRQHandler                   0x00000539   Thumb Code     0  startup_s32k144.o(.text)
    Reserved45_IRQHandler                    0x00000539   Thumb Code     0  startup_s32k144.o(.text)
    Reserved46_IRQHandler                    0x00000539   Thumb Code     0  startup_s32k144.o(.text)
    Reserved48_IRQHandler                    0x00000539   Thumb Code     0  startup_s32k144.o(.text)
    Reserved50_IRQHandler                    0x00000539   Thumb Code     0  startup_s32k144.o(.text)
    Reserved52_IRQHandler                    0x00000539   Thumb Code     0  startup_s32k144.o(.text)
    Reserved53_IRQHandler                    0x00000539   Thumb Code     0  startup_s32k144.o(.text)
    Reserved54_IRQHandler                    0x00000539   Thumb Code     0  startup_s32k144.o(.text)
    Reserved58_IRQHandler                    0x00000539   Thumb Code     0  startup_s32k144.o(.text)
    Reserved59_IRQHandler                    0x00000539   Thumb Code     0  startup_s32k144.o(.text)
    Reserved69_IRQHandler                    0x00000539   Thumb Code     0  startup_s32k144.o(.text)
    Reserved70_IRQHandler                    0x00000539   Thumb Code     0  startup_s32k144.o(.text)
    Reserved71_IRQHandler                    0x00000539   Thumb Code     0  startup_s32k144.o(.text)
    Reserved72_IRQHandler                    0x00000539   Thumb Code     0  startup_s32k144.o(.text)
    Reserved81_IRQHandler                    0x00000539   Thumb Code     0  startup_s32k144.o(.text)
    Reserved82_IRQHandler                    0x00000539   Thumb Code     0  startup_s32k144.o(.text)
    Reserved83_IRQHandler                    0x00000539   Thumb Code     0  startup_s32k144.o(.text)
    Reserved86_IRQHandler                    0x00000539   Thumb Code     0  startup_s32k144.o(.text)
    Reserved87_IRQHandler                    0x00000539   Thumb Code     0  startup_s32k144.o(.text)
    Reserved88_IRQHandler                    0x00000539   Thumb Code     0  startup_s32k144.o(.text)
    Reserved89_IRQHandler                    0x00000539   Thumb Code     0  startup_s32k144.o(.text)
    Reserved90_IRQHandler                    0x00000539   Thumb Code     0  startup_s32k144.o(.text)
    Reserved91_IRQHandler                    0x00000539   Thumb Code     0  startup_s32k144.o(.text)
    Reserved92_IRQHandler                    0x00000539   Thumb Code     0  startup_s32k144.o(.text)
    Reserved93_IRQHandler                    0x00000539   Thumb Code     0  startup_s32k144.o(.text)
    Reserved99_IRQHandler                    0x00000539   Thumb Code     0  startup_s32k144.o(.text)
    SCG_IRQHandler                           0x00000539   Thumb Code     0  startup_s32k144.o(.text)
    SWI_IRQHandler                           0x00000539   Thumb Code     0  startup_s32k144.o(.text)
    WDOG_EWM_IRQHandler                      0x00000539   Thumb Code     0  startup_s32k144.o(.text)
    _main                                    0x00000551   Thumb Code     2  _main.o(.text)
    __ARM_use_no_argv                        0x00000553   Thumb Code     2  _main.o(.text)
    exit                                     0x00000555   Thumb Code    18  exit.o(.text)
    __I$use$semihosting                      0x00000567   Thumb Code     0  use_no_semi.o(.text)
    __use_no_semihosting_swi                 0x00000567   Thumb Code     2  use_no_semi.o(.text)
    __semihosting_library_function           0x00000569   Thumb Code     0  indicate_semi.o(.text)
    _sys_exit                                0x00000569   Thumb Code     8  sys_exit.o(.text)
    LPIT0_Ch0_IRQHandler                     0x00000575   Thumb Code    30  main.o(.text.LPIT0_Ch0_IRQHandler)
    PORTC_IRQHandler                         0x00000595   Thumb Code   284  main.o(.text.PORTC_IRQHandler)
    SysTick_Handler                          0x000006b1   Thumb Code    16  systick.o(.text.SysTick_Handler)
    SystemInit                               0x000006c1   Thumb Code    82  system_s32k144.o(.text.SystemInit)
    delay_lpit                               0x00000715   Thumb Code    72  main.o(.text.delay_lpit)
    gpio_config                              0x0000075d   Thumb Code   542  port_gpio.o(.text.gpio_config)
    gpio_config_basic_input_with_interrupt   0x0000097d   Thumb Code    68  port_gpio.o(.text.gpio_config_basic_input_with_interrupt)
    gpio_config_basic_output_high_strength   0x000009c1   Thumb Code    64  port_gpio.o(.text.gpio_config_basic_output_high_strength)
    gpio_initialize                          0x00000a01   Thumb Code    84  main.o(.text.gpio_initialize)
    init_data_bss                            0x00000a55   Thumb Code   160  startup.o(.text.init_data_bss)
    lpit_channel_config                      0x00000af5   Thumb Code   118  lpit.o(.text.lpit_channel_config)
    lpit_disable_single_channel              0x00000b6d   Thumb Code    34  lpit.o(.text.lpit_disable_single_channel)
    lpit_enable_interrupt                    0x00000b91   Thumb Code    36  lpit.o(.text.lpit_enable_interrupt)
    lpit_enable_single_channel               0x00000bb5   Thumb Code    34  lpit.o(.text.lpit_enable_single_channel)
    lpit_general_config                      0x00000bd9   Thumb Code   112  lpit.o(.text.lpit_general_config)
    lpit_initialize                          0x00000c49   Thumb Code    60  main.o(.text.lpit_initialize)
    lpit_set_reload_value                    0x00000c85   Thumb Code    32  lpit.o(.text.lpit_set_reload_value)
    main                                     0x00000ca5   Thumb Code    26  main.o(.text.main)
    nvic_enable_interrupt                    0x00000cc1   Thumb Code    40  nvic.o(.text.nvic_enable_interrupt)
    nvic_initialize                          0x00000ce9   Thumb Code    16  main.o(.text.nvic_initialize)
    pcc_initialize                           0x00000cf9   Thumb Code    60  main.o(.text.pcc_initialize)
    process_led                              0x00000d35   Thumb Code   274  main.o(.text.process_led)
    scg_initialize                           0x00000e49   Thumb Code    70  main.o(.text.scg_initialize)
    scg_sosc_config                          0x00000e91   Thumb Code   196  scg.o(.text.scg_sosc_config)
    scg_spll_config                          0x00000f55   Thumb Code   188  scg.o(.text.scg_spll_config)
    scg_system_clock_config                  0x00001011   Thumb Code   298  scg.o(.text.scg_system_clock_config)
    system_initialize                        0x0000113d   Thumb Code    24  main.o(.text.system_initialize)
    _fp_init                                 0x00001155   Thumb Code    26  fpinit.o(x$fpl$fpinit)
    __fplib_config_fpu_vfp                   0x0000116d   Thumb Code     0  fpinit.o(x$fpl$fpinit)
    __fplib_config_pureend_doubles           0x0000116d   Thumb Code     0  fpinit.o(x$fpl$fpinit)
    Region$$Table$$Base                      0x00001170   Number         0  anon$$obj.o(Region$$Table)
    Image$$ER_m_text$$Limit                  0x00001190   Number         0  anon$$obj.o ABSOLUTE
    Region$$Table$$Limit                     0x00001190   Number         0  anon$$obj.o(Region$$Table)
    Image$$VECTOR_RAM$$Base                  0x1fff8000   Number         0  anon$$obj.o ABSOLUTE
    Image$$RW_m_data$$Base                   0x1fff8400   Number         0  anon$$obj.o ABSOLUTE
    Image$$RW_m_code$$Base                   0x1fff8438   Number         0  anon$$obj.o ABSOLUTE
    Image$$RW_m_code$$Limit                  0x1fff8438   Number         0  anon$$obj.o ABSOLUTE
    Image$$RW_m_data$$Limit                  0x1fff8438   Number         0  anon$$obj.o ABSOLUTE
    Image$$RW_m_custom_section$$Base         0x20000000   Number         0  anon$$obj.o ABSOLUTE
    Image$$RW_m_custom_section$$Limit        0x20000000   Number         0  anon$$obj.o ABSOLUTE
    Image$$RW_m_data_2$$ZI$$Base             0x20000000   Number         0  anon$$obj.o ABSOLUTE
    Image$$ARM_LIB_HEAP$$ZI$$Base            0x2000000c   Number         0  anon$$obj.o ABSOLUTE
    Image$$RW_m_data_2$$ZI$$Limit            0x2000000c   Number         0  anon$$obj.o ABSOLUTE
    Image$$ARM_LIB_HEAP$$ZI$$Limit           0x2000040c   Number         0  anon$$obj.o ABSOLUTE
    Image$$ARM_LIB_STACK$$Limit              0x20006c00   Number         0  anon$$obj.o ABSOLUTE
    Image$$ARM_LIB_STACK$$ZI$$Limit          0x20007000   Number         0  anon$$obj.o ABSOLUTE



==============================================================================

Memory Map of the image

  Image Entry point : 0x00000415

  Load Region LR_m_text (Base: 0x00000000, Size: 0x000011c8, Max: 0x00080000, ABSOLUTE)

    Execution Region VECTOR_ROM (Exec base: 0x00000000, Load base: 0x00000000, Size: 0x00000230, Max: 0x00000400, ABSOLUTE)

    Exec Addr    Load Addr    Size         Type   Attr      Idx    E Section Name        Object

    0x00000000   0x00000000   0x00000230   Data   RO          144    RESET               startup_s32k144.o


    Execution Region ER_m_flash_config (Exec base: 0x00000400, Load base: 0x00000400, Size: 0x00000010, Max: 0x00000010, ABSOLUTE, FIXED)

    Exec Addr    Load Addr    Size         Type   Attr      Idx    E Section Name        Object

    0x00000400   0x00000400   0x00000010   Data   RO          145    FlashConfig         startup_s32k144.o


    Execution Region ER_m_text_const (Exec base: 0x00000410, Load base: 0x00000410, Size: 0x00000004, Max: 0xffffffff, ABSOLUTE)

    Exec Addr    Load Addr    Size         Type   Attr      Idx    E Section Name        Object

    0x00000410   0x00000410   0x00000004   Data   RO          137    .rodata.s_vectors   startup.o


    Execution Region ER_m_text (Exec base: 0x00000414, Load base: 0x00000414, Size: 0x00000d7c, Max: 0x0007fbf0, ABSOLUTE)

    Exec Addr    Load Addr    Size         Type   Attr      Idx    E Section Name        Object

    0x00000414   0x00000414   0x00000008   Code   RO          170  * !!!main             c_w.l(__main.o)
    0x0000041c   0x0000041c   0x00000034   Code   RO          346    !!!scatter          c_w.l(__scatter.o)
    0x00000450   0x00000450   0x0000001a   Code   RO          348    !!handler_copy      c_w.l(__scatter_copy.o)
    0x0000046a   0x0000046a   0x00000002   PAD
    0x0000046c   0x0000046c   0x0000001c   Code   RO          350    !!handler_zi        c_w.l(__scatter_zi.o)
    0x00000488   0x00000488   0x00000002   Code   RO          202    .ARM.Collect$$libinit$$00000000  c_w.l(libinit.o)
    0x0000048a   0x0000048a   0x00000004   Code   RO          212    .ARM.Collect$$libinit$$00000001  c_w.l(libinit2.o)
    0x0000048e   0x0000048e   0x00000000   Code   RO          215    .ARM.Collect$$libinit$$00000004  c_w.l(libinit2.o)
    0x0000048e   0x0000048e   0x00000000   Code   RO          218    .ARM.Collect$$libinit$$0000000A  c_w.l(libinit2.o)
    0x0000048e   0x0000048e   0x00000000   Code   RO          220    .ARM.Collect$$libinit$$0000000C  c_w.l(libinit2.o)
    0x0000048e   0x0000048e   0x00000000   Code   RO          222    .ARM.Collect$$libinit$$0000000E  c_w.l(libinit2.o)
    0x0000048e   0x0000048e   0x00000000   Code   RO          225    .ARM.Collect$$libinit$$00000011  c_w.l(libinit2.o)
    0x0000048e   0x0000048e   0x00000000   Code   RO          227    .ARM.Collect$$libinit$$00000013  c_w.l(libinit2.o)
    0x0000048e   0x0000048e   0x00000000   Code   RO          229    .ARM.Collect$$libinit$$00000015  c_w.l(libinit2.o)
    0x0000048e   0x0000048e   0x00000000   Code   RO          231    .ARM.Collect$$libinit$$00000017  c_w.l(libinit2.o)
    0x0000048e   0x0000048e   0x00000000   Code   RO          233    .ARM.Collect$$libinit$$00000019  c_w.l(libinit2.o)
    0x0000048e   0x0000048e   0x00000000   Code   RO          235    .ARM.Collect$$libinit$$0000001B  c_w.l(libinit2.o)
    0x0000048e   0x0000048e   0x00000000   Code   RO          237    .ARM.Collect$$libinit$$0000001D  c_w.l(libinit2.o)
    0x0000048e   0x0000048e   0x00000000   Code   RO          239    .ARM.Collect$$libinit$$0000001F  c_w.l(libinit2.o)
    0x0000048e   0x0000048e   0x00000000   Code   RO          241    .ARM.Collect$$libinit$$00000021  c_w.l(libinit2.o)
    0x0000048e   0x0000048e   0x00000000   Code   RO          243    .ARM.Collect$$libinit$$00000023  c_w.l(libinit2.o)
    0x0000048e   0x0000048e   0x00000000   Code   RO          245    .ARM.Collect$$libinit$$00000025  c_w.l(libinit2.o)
    0x0000048e   0x0000048e   0x00000000   Code   RO          249    .ARM.Collect$$libinit$$0000002C  c_w.l(libinit2.o)
    0x0000048e   0x0000048e   0x00000000   Code   RO          251    .ARM.Collect$$libinit$$0000002E  c_w.l(libinit2.o)
    0x0000048e   0x0000048e   0x00000000   Code   RO          253    .ARM.Collect$$libinit$$00000030  c_w.l(libinit2.o)
    0x0000048e   0x0000048e   0x00000000   Code   RO          255    .ARM.Collect$$libinit$$00000032  c_w.l(libinit2.o)
    0x0000048e   0x0000048e   0x00000002   Code   RO          256    .ARM.Collect$$libinit$$00000033  c_w.l(libinit2.o)
    0x00000490   0x00000490   0x00000002   Code   RO          285    .ARM.Collect$$libshutdown$$00000000  c_w.l(libshutdown.o)
    0x00000492   0x00000492   0x00000000   Code   RO          297    .ARM.Collect$$libshutdown$$00000002  c_w.l(libshutdown2.o)
    0x00000492   0x00000492   0x00000000   Code   RO          299    .ARM.Collect$$libshutdown$$00000004  c_w.l(libshutdown2.o)
    0x00000492   0x00000492   0x00000000   Code   RO          302    .ARM.Collect$$libshutdown$$00000007  c_w.l(libshutdown2.o)
    0x00000492   0x00000492   0x00000000   Code   RO          305    .ARM.Collect$$libshutdown$$0000000A  c_w.l(libshutdown2.o)
    0x00000492   0x00000492   0x00000000   Code   RO          307    .ARM.Collect$$libshutdown$$0000000C  c_w.l(libshutdown2.o)
    0x00000492   0x00000492   0x00000000   Code   RO          310    .ARM.Collect$$libshutdown$$0000000F  c_w.l(libshutdown2.o)
    0x00000492   0x00000492   0x00000002   Code   RO          311    .ARM.Collect$$libshutdown$$00000010  c_w.l(libshutdown2.o)
    0x00000494   0x00000494   0x00000000   Code   RO          172    .ARM.Collect$$rtentry$$00000000  c_w.l(__rtentry.o)
    0x00000494   0x00000494   0x00000000   Code   RO          174    .ARM.Collect$$rtentry$$00000002  c_w.l(__rtentry2.o)
    0x00000494   0x00000494   0x00000004   Code   RO          188    .ARM.Collect$$rtentry$$00000007  c_w.l(__rtentry7.o)
    0x00000498   0x00000498   0x00000000   Code   RO          176    .ARM.Collect$$rtentry$$00000009  c_w.l(__rtentry2.o)
    0x00000498   0x00000498   0x00000004   Code   RO          177    .ARM.Collect$$rtentry$$0000000A  c_w.l(__rtentry2.o)
    0x0000049c   0x0000049c   0x00000000   Code   RO          179    .ARM.Collect$$rtentry$$0000000C  c_w.l(__rtentry2.o)
    0x0000049c   0x0000049c   0x00000008   Code   RO          180    .ARM.Collect$$rtentry$$0000000D  c_w.l(__rtentry2.o)
    0x000004a4   0x000004a4   0x00000004   Code   RO          189    .ARM.Collect$$rtentry$$00002718  c_w.l(__rtentry7.o)
    0x000004a8   0x000004a8   0x00000002   Code   RO          210    .ARM.Collect$$rtexit$$00000000  c_w.l(rtexit.o)
    0x000004aa   0x000004aa   0x00000000   Code   RO          265    .ARM.Collect$$rtexit$$00000002  c_w.l(rtexit2.o)
    0x000004aa   0x000004aa   0x00000004   Code   RO          266    .ARM.Collect$$rtexit$$00000003  c_w.l(rtexit2.o)
    0x000004ae   0x000004ae   0x00000006   Code   RO          267    .ARM.Collect$$rtexit$$00000004  c_w.l(rtexit2.o)
    0x000004b4   0x000004b4   0x0000009c   Code   RO          143    .text               startup_s32k144.o
    0x00000550   0x00000550   0x00000004   Code   RO          168    .text               c_w.l(_main.o)
    0x00000554   0x00000554   0x00000012   Code   RO          195    .text               c_w.l(exit.o)
    0x00000566   0x00000566   0x00000002   Code   RO          261    .text               c_w.l(use_no_semi.o)
    0x00000568   0x00000568   0x00000000   Code   RO          263    .text               c_w.l(indicate_semi.o)
    0x00000568   0x00000568   0x0000000c   Code   RO          275    .text               c_w.l(sys_exit.o)
    0x00000574   0x00000574   0x0000001e   Code   RO           46    .text.LPIT0_Ch0_IRQHandler  main.o
    0x00000592   0x00000592   0x00000002   PAD
    0x00000594   0x00000594   0x0000011c   Code   RO           48    .text.PORTC_IRQHandler  main.o
    0x000006b0   0x000006b0   0x00000010   Code   RO          121    .text.SysTick_Handler  systick.o
    0x000006c0   0x000006c0   0x00000052   Code   RO          152    .text.SystemInit    system_s32k144.o
    0x00000712   0x00000712   0x00000002   PAD
    0x00000714   0x00000714   0x00000048   Code   RO           34    .text.delay_lpit    main.o
    0x0000075c   0x0000075c   0x0000021e   Code   RO           79    .text.gpio_config   port_gpio.o
    0x0000097a   0x0000097a   0x00000002   PAD
    0x0000097c   0x0000097c   0x00000044   Code   RO           83    .text.gpio_config_basic_input_with_interrupt  port_gpio.o
    0x000009c0   0x000009c0   0x00000040   Code   RO           87    .text.gpio_config_basic_output_high_strength  port_gpio.o
    0x00000a00   0x00000a00   0x00000054   Code   RO           42    .text.gpio_initialize  main.o
    0x00000a54   0x00000a54   0x000000a0   Code   RO          135    .text.init_data_bss  startup.o
    0x00000af4   0x00000af4   0x00000076   Code   RO            7    .text.lpit_channel_config  lpit.o
    0x00000b6a   0x00000b6a   0x00000002   PAD
    0x00000b6c   0x00000b6c   0x00000022   Code   RO           15    .text.lpit_disable_single_channel  lpit.o
    0x00000b8e   0x00000b8e   0x00000002   PAD
    0x00000b90   0x00000b90   0x00000024   Code   RO            9    .text.lpit_enable_interrupt  lpit.o
    0x00000bb4   0x00000bb4   0x00000022   Code   RO           13    .text.lpit_enable_single_channel  lpit.o
    0x00000bd6   0x00000bd6   0x00000002   PAD
    0x00000bd8   0x00000bd8   0x00000070   Code   RO            5    .text.lpit_general_config  lpit.o
    0x00000c48   0x00000c48   0x0000003c   Code   RO           38    .text.lpit_initialize  main.o
    0x00000c84   0x00000c84   0x00000020   Code   RO           17    .text.lpit_set_reload_value  lpit.o
    0x00000ca4   0x00000ca4   0x0000001a   Code   RO           28    .text.main          main.o
    0x00000cbe   0x00000cbe   0x00000002   PAD
    0x00000cc0   0x00000cc0   0x00000028   Code   RO           62    .text.nvic_enable_interrupt  nvic.o
    0x00000ce8   0x00000ce8   0x00000010   Code   RO           44    .text.nvic_initialize  main.o
    0x00000cf8   0x00000cf8   0x0000003c   Code   RO           40    .text.pcc_initialize  main.o
    0x00000d34   0x00000d34   0x00000112   Code   RO           32    .text.process_led   main.o
    0x00000e46   0x00000e46   0x00000002   PAD
    0x00000e48   0x00000e48   0x00000046   Code   RO           36    .text.scg_initialize  main.o
    0x00000e8e   0x00000e8e   0x00000002   PAD
    0x00000e90   0x00000e90   0x000000c4   Code   RO           98    .text.scg_sosc_config  scg.o
    0x00000f54   0x00000f54   0x000000bc   Code   RO          104    .text.scg_spll_config  scg.o
    0x00001010   0x00001010   0x0000012a   Code   RO          106    .text.scg_system_clock_config  scg.o
    0x0000113a   0x0000113a   0x00000002   PAD
    0x0000113c   0x0000113c   0x00000018   Code   RO           30    .text.system_initialize  main.o
    0x00001154   0x00001154   0x0000001a   Code   RO          273    x$fpl$fpinit        fz_wm.l(fpinit.o)
    0x0000116e   0x0000116e   0x00000002   PAD
    0x00001170   0x00001170   0x00000020   Data   RO          345    Region$$Table       anon$$obj.o


    Execution Region VECTOR_RAM (Exec base: 0x1fff8000, Load base: 0x00000230, Size: 0x00000400, Max: 0x00000400, ABSOLUTE)

    Exec Addr    Load Addr    Size         Type   Attr      Idx    E Section Name        Object

    0x1fff8000        -       0x00000400   Zero   RW            1    VECTOR_RAM.bss      anon$$obj.o


    Execution Region RW_m_data (Exec base: 0x1fff8400, Load base: 0x00001190, Size: 0x00000038, Max: 0xffffffff, ABSOLUTE)

    Exec Addr    Load Addr    Size         Type   Attr      Idx    E Section Name        Object

    0x1fff8400   0x00001190   0x00000014   Data   RW           90    .data.gpios         port_gpio.o
    0x1fff8414   0x000011a4   0x0000000c   Data   RW           52    .data.led_mask      main.o
    0x1fff8420   0x000011b0   0x00000003   Data   RW           53    .data.led_state     main.o
    0x1fff8423   0x000011b3   0x00000001   PAD
    0x1fff8424   0x000011b4   0x00000014   Data   RW           89    .data.ports         port_gpio.o


    Execution Region RW_m_code (Exec base: 0x1fff8438, Load base: 0x000011c8, Size: 0x00000000, Max: 0x00007c00, ABSOLUTE)

    **** No section assigned to this execution region ****


    Execution Region RW_m_custom_section (Exec base: 0x20000000, Load base: 0x000011c8, Size: 0x00000000, Max: 0xffffffff, ABSOLUTE)

    **** No section assigned to this execution region ****


    Execution Region RW_m_data_2 (Exec base: 0x20000000, Load base: 0x000011c8, Size: 0x0000000c, Max: 0x00006800, ABSOLUTE)

    Exec Addr    Load Addr    Size         Type   Attr      Idx    E Section Name        Object

    0x20000000        -       0x00000001   Zero   RW           54    .bss.led_active     main.o
    0x20000001        -       0x00000001   Zero   RW           50    .bss.lpit_1s_complete  main.o
    0x20000002   0x000011c8   0x00000002   PAD
    0x20000004        -       0x00000004   Zero   RW          127    .bss.ms_count       systick.o
    0x20000008        -       0x00000003   Zero   RW           51    .bss.running_mode   main.o


    Execution Region ARM_LIB_HEAP (Exec base: 0x2000000c, Load base: 0x000011c8, Size: 0x00000400, Max: 0x00000400, ABSOLUTE)

    Exec Addr    Load Addr    Size         Type   Attr      Idx    E Section Name        Object

    0x2000000c        -       0x00000400   Zero   RW            2    ARM_LIB_HEAP.bss    anon$$obj.o


    Execution Region ARM_LIB_STACK (Exec base: 0x20006c00, Load base: 0x000011c8, Size: 0x00000400, Max: 0x00000400, ABSOLUTE)

    Exec Addr    Load Addr    Size         Type   Attr      Idx    E Section Name        Object

    0x20006c00        -       0x00000400   Zero   RW            3    ARM_LIB_STACK.bss   anon$$obj.o


==============================================================================

Image component sizes


      Code (inc. data)   RO Data    RW Data    ZI Data      Debug   Object Name

       366          0          0          0          0       3625   lpit.o
      1000          0          0         15          5      12522   main.o
        40          0          0          0          0       3765   nvic.o
       674          0          0         40          0       5133   port_gpio.o
       682          0          0          0          0       6480   scg.o
       160          0          4          0          0       1041   startup.o
       156        106        576          0          0        900   startup_s32k144.o
        82          0          0          0          0       2815   system_s32k144.o
        16          0          0          0          4       1579   systick.o

    ----------------------------------------------------------------------
      3196        106        612         56       3084      37860   Object Totals
         0          0         32          0       3072          0   (incl. Generated)
        20          0          0          1          3          0   (incl. Padding)

    ----------------------------------------------------------------------

      Code (inc. data)   RO Data    RW Data    ZI Data      Debug   Library Member Name

         8          0          0          0          0         68   __main.o
         0          0          0          0          0          0   __rtentry.o
        12          0          0          0          0          0   __rtentry2.o
         8          4          0          0          0          0   __rtentry7.o
        52          8          0          0          0          0   __scatter.o
        26          0          0          0          0          0   __scatter_copy.o
        28          0          0          0          0          0   __scatter_zi.o
         4          0          0          0          0         84   _main.o
        18          0          0          0          0         80   exit.o
         0          0          0          0          0          0   indicate_semi.o
         2          0          0          0          0          0   libinit.o
         6          0          0          0          0          0   libinit2.o
         2          0          0          0          0          0   libshutdown.o
         2          0          0          0          0          0   libshutdown2.o
         2          0          0          0          0          0   rtexit.o
        10          0          0          0          0          0   rtexit2.o
        12          4          0          0          0         68   sys_exit.o
         2          0          0          0          0         68   use_no_semi.o
        26          0          0          0          0        116   fpinit.o

    ----------------------------------------------------------------------
       224         16          0          0          0        484   Library Totals
         4          0          0          0          0          0   (incl. Padding)

    ----------------------------------------------------------------------

      Code (inc. data)   RO Data    RW Data    ZI Data      Debug   Library Name

       194         16          0          0          0        368   c_w.l
        26          0          0          0          0        116   fz_wm.l

    ----------------------------------------------------------------------
       224         16          0          0          0        484   Library Totals

    ----------------------------------------------------------------------

==============================================================================


      Code (inc. data)   RO Data    RW Data    ZI Data      Debug   

      3420        122        612         56       3084      38232   Grand Totals
      3420        122        612         56       3084      38232   ELF Image Totals
      3420        122        612         56          0          0   ROM Totals

==============================================================================

    Total RO  Size (Code + RO Data)                 4032 (   3.94kB)
    Total RW  Size (RW Data + ZI Data)              3140 (   3.07kB)
    Total ROM Size (Code + RO Data + RW Data)       4088 (   3.99kB)

==============================================================================

